     Locking 96 packages to latest Rust 1.98.1 compatible versions
      Adding aes v0.8.4
      Adding amq-protocol v10.6.2
      Adding amq-protocol-tcp v10.6.2
      Adding amq-protocol-types v10.6.2
      Adding amq-protocol-uri v10.6.2
    Updating android_system_properties v0.1.5 -> v0.1.6
      Adding asn1-rs v0.7.2
      Adding asn1-rs-derive v0.6.0
      Adding asn1-rs-impl v0.2.0
      Adding async-channel v2.5.0
      Adding async-compat v0.2.5
      Adding async-executor v1.14.0
      Adding async-global-executor v3.1.0
      Adding async-rs v0.8.11
      Adding async-task v4.7.1
      Adding base64ct v1.8.3
      Adding block-padding v0.3.3
      Adding blocking v1.7.0
      Adding cbc v0.1.2
      Adding cipher v0.4.4
      Adding cms v0.2.3
      Adding const-oid v0.9.6
      Adding cookie-factory v0.3.3
      Adding core-foundation v0.9.4
      Adding critical-section v1.2.0
      Adding der v0.7.10
      Adding der-parser v10.0.0
      Adding der_derive v0.7.3
      Adding des v0.8.1
      Adding flagset v0.4.7
      Adding flume v0.12.0
      Adding futures-io v0.3.34
      Adding futures-lite v2.6.1
      Adding futures-rustls v0.26.0
      Adding hickory-net v0.26.1
      Adding hickory-proto v0.26.1
      Adding hickory-resolver v0.26.1
      Adding hmac v0.12.1
      Adding inout v0.1.4
      Adding ipconfig v0.3.4
      Adding jni v0.22.4
      Adding jni-macros v0.22.4
      Adding jni-sys v0.4.1
      Adding jni-sys-macros v0.4.1
    Updating js-sys v0.3.103 -> v0.3.104
      Adding lapin v4.10.0
      Adding libz-sys v1.1.29
      Adding minimal-lexical v0.2.1
      Adding ndk-context v0.1.1
      Adding nom v7.1.3
      Adding nom v8.0.0
      Adding num_enum v0.7.6
      Adding num_enum_derive v0.7.6
      Adding oid-registry v0.8.1
      Adding p12-keystore v0.2.1
      Adding pbkdf2 v0.12.2
      Adding pem-rfc7468 v0.7.0
      Adding piper v0.2.5
      Adding pkcs12 v0.1.0
      Adding pkcs5 v0.7.1
      Adding prefix-trie v0.8.4
      Adding proc-macro-crate v3.5.0
      Adding rc2 v0.8.1
      Adding rdkafka v0.39.0
      Adding rdkafka-sys v4.10.0+2.12.1
      Adding resolv-conf v0.7.6
      Adding rusticata-macros v4.1.0
      Adding rustls-connector v0.23.6
      Adding rustls-platform-verifier v0.7.0
      Adding rustls-platform-verifier-android v0.1.1
      Adding salsa20 v0.10.2
      Adding same-file v1.0.6
      Adding scrypt v0.11.0
      Adding sha2 v0.10.9
      Adding simd_cesu8 v1.2.0
      Adding spin v0.9.9
      Adding spki v0.7.3
      Adding system-configuration v0.7.0
      Adding system-configuration-sys v0.6.0
      Adding tcp-stream v0.34.14
      Adding tokio-stream v0.1.19
      Adding toml_datetime v1.1.1+spec-1.1.0
      Adding toml_edit v0.25.13+spec-1.1.0
      Adding toml_parser v1.1.3+spec-1.1.0
      Adding walkdir v2.5.0
    Updating wasm-bindgen v0.2.126 -> v0.2.127
    Updating wasm-bindgen-macro v0.2.126 -> v0.2.127
    Updating wasm-bindgen-macro-support v0.2.126 -> v0.2.127
    Updating wasm-bindgen-shared v0.2.126 -> v0.2.127
      Adding webpki-root-certs v1.0.9
      Adding widestring v1.2.1
      Adding winapi-util v0.1.11
      Adding windows-registry v0.6.1
      Adding winnow v1.0.4
      Adding x509-cert v0.2.5
      Adding x509-parser v0.18.1
   Compiling proc-macro2 v1.0.107
   Compiling quote v1.0.47
   Compiling unicode-ident v1.0.24
   Compiling libc v0.2.189
   Compiling cfg-if v1.0.4
   Compiling version_check v0.9.5
   Compiling typenum v1.20.1
   Compiling serde_core v1.0.229
   Compiling once_cell v1.21.4
   Compiling serde v1.0.229
   Compiling memchr v2.8.3
   Compiling bytes v1.12.1
   Compiling find-msvc-tools v0.1.9
   Compiling smallvec v1.15.2
   Compiling shlex v2.0.1
   Compiling itoa v1.0.18
   Compiling autocfg v1.5.1
   Compiling pkg-config v0.3.33
   Compiling zmij v1.0.23
   Compiling scopeguard v1.2.0
   Compiling parking_lot_core v0.9.12
   Compiling pin-project-lite v0.2.17
   Compiling futures-core v0.3.33
   Compiling log v0.4.33
   Compiling subtle v2.6.1
   Compiling stable_deref_trait v1.2.1
   Compiling thiserror v2.0.19
   Compiling fs_extra v1.3.0
   Compiling dunce v1.0.5
   Compiling serde_json v1.0.151
   Compiling time-core v0.1.9
   Compiling aws-lc-rs v1.17.3
   Compiling num-conv v0.2.2
   Compiling lock_api v0.4.14
   Compiling tracing-core v0.1.36
   Compiling powerfmt v0.2.0
   Compiling deranged v0.5.8
   Compiling untrusted v0.7.1
   Compiling writeable v0.6.3
   Compiling generic-array v0.14.7
   Compiling litemap v0.8.2
   Compiling base64ct v1.8.3
   Compiling cpufeatures v0.2.17
   Compiling minimal-lexical v0.2.1
   Compiling icu_normalizer_data v2.2.0
   Compiling icu_properties_data v2.2.0
   Compiling flagset v0.4.7
   Compiling rand_core v0.10.1
   Compiling getrandom v0.4.3
   Compiling cpufeatures v0.3.0
   Compiling const-oid v0.9.6
   Compiling time-macros v0.2.32
   Compiling num-traits v0.2.19
   Compiling utf8_iter v1.0.4
   Compiling zerocopy v0.8.55
   Compiling crossbeam-utils v0.8.22
   Compiling getrandom v0.3.4
   Compiling percent-encoding v2.3.2
   Compiling base64 v0.22.1
   Compiling untrusted v0.9.0
   Compiling rustls v0.23.42
   Compiling futures-io v0.3.34
   Compiling chacha20 v0.10.1
   Compiling oid-registry v0.8.1
   Compiling http v1.4.2
   Compiling nom v7.1.3
   Compiling pem-rfc7468 v0.7.0
   Compiling hashbrown v0.17.1
   Compiling openssl-probe v0.2.1
   Compiling rustversion v1.0.23
   Compiling equivalent v1.0.2
   Compiling httparse v1.10.1
   Compiling winnow v1.0.4
   Compiling form_urlencoded v1.2.2
   Compiling ahash v0.8.12
   Compiling futures-channel v0.3.33
   Compiling slab v0.4.12
   Compiling simdutf8 v0.1.5
   Compiling deunicode v1.6.2
   Compiling hybrid-array v0.4.13
   Compiling toml_datetime v1.1.1+spec-1.1.0
   Compiling hex v0.4.3
   Compiling tower-service v0.3.3
   Compiling anyhow v1.0.104
   Compiling lazy_static v1.5.0
   Compiling vcpkg v0.2.15
   Compiling data-encoding v2.11.0
   Compiling syn v2.0.119
   Compiling syn v3.0.3
   Compiling ref-cast v1.0.26
   Compiling futures-task v0.3.33
   Compiling slug v0.1.6
   Compiling nom v8.0.0
   Compiling httpdate v1.0.3
   Compiling cookie-factory v0.3.3
   Compiling indexmap v2.14.0
   Compiling either v1.16.0
   Compiling sync_wrapper v1.0.2
   Compiling futures-sink v0.3.33
   Compiling atomic-waker v1.1.2
   Compiling tower-layer v0.3.3
   Compiling cmov v0.5.4
   Compiling sonic-simd v0.1.4
   Compiling sonic-number v0.1.2
   Compiling bumpalo v3.20.3
   Compiling num-integer v0.1.46
   Compiling hashbrown v0.14.5
   Compiling jobserver v0.1.35
   Compiling errno v0.3.14
   Compiling socket2 v0.6.5
   Compiling mio v1.2.2
   Compiling crypto-common v0.1.7
   Compiling block-buffer v0.10.4
   Compiling block-padding v0.3.3
   Compiling cc v1.3.0
   Compiling ctutils v0.4.2
   Compiling signal-hook-registry v1.4.8
   Compiling inout v0.1.4
   Compiling http-body v1.1.0
   Compiling digest v0.10.7
   Compiling parking_lot v0.12.5
   Compiling crypto-common v0.2.2
   Compiling block-buffer v0.12.1
   Compiling itertools v0.14.0
   Compiling const-oid v0.10.2
   Compiling fastrand v2.5.0
   Compiling ryu v1.0.23
   Compiling time v0.3.54
   Compiling cipher v0.4.4
   Compiling num-bigint v0.4.8
   Compiling rand v0.10.2
   Compiling toml_parser v1.1.3+spec-1.1.0
   Compiling http-body-util v0.1.4
   Compiling mime v0.3.17
   Compiling rand_core v0.9.5
   Compiling ordered-float v2.10.1
   Compiling rmp v0.8.15
   Compiling hmac v0.12.1
   Compiling sha1 v0.10.7
   Compiling sha2 v0.10.9
   Compiling dashmap v6.2.1
   Compiling aho-corasick v1.1.4
   Compiling iana-time-zone v0.1.65
   Compiling amq-protocol v10.6.2
   Compiling matchit v0.8.4
   Compiling salsa20 v0.10.2
   Compiling pbkdf2 v0.12.2
   Compiling cbc v0.1.2
   Compiling aes v0.8.4
   Compiling des v0.8.1
   Compiling rc2 v0.8.1
   Compiling zlib-rs v0.6.6
   Compiling winnow v0.7.15
   Compiling regex-syntax v0.8.11
   Compiling toml_write v0.1.2
   Compiling chrono v0.4.45
   Compiling seize v0.5.1
   Compiling socket2 v0.5.10
   Compiling concurrent-queue v2.5.0
   Compiling toml_edit v0.25.13+spec-1.1.0
   Compiling pem v3.0.6
   Compiling spin v0.9.9
   Compiling rusticata-macros v4.1.0
   Compiling scrypt v0.11.0
   Compiling cmake v0.1.58
   Compiling uuid v1.24.0
   Compiling lapin v4.10.0
   Compiling parking v2.2.1
   Compiling pointers v0.1.0
   Compiling serde_path_to_error v0.1.20
   Compiling serde_bytes v0.11.19
   Compiling signature v2.2.0
   Compiling event-listener v5.4.1
   Compiling papaya v0.2.4
   Compiling flume v0.12.0
   Compiling backon v1.6.0
   Compiling rapidhash v4.5.1
   Compiling md5 v0.8.1
   Compiling urlencoding v2.1.3
   Compiling digest v0.11.3
   Compiling hmac v0.13.0
   Compiling sha2 v0.11.0
   Compiling aws-lc-sys v0.43.0
   Compiling libz-sys v1.1.29
   Compiling rdkafka-sys v4.10.0+2.12.1
   Compiling proc-macro-crate v3.5.0
   Compiling metrics v0.24.6
   Compiling jmespath v0.5.0
   Compiling serde_derive v1.0.229
   Compiling thiserror-impl v2.0.19
   Compiling async-trait v0.1.91
   Compiling ref-cast-impl v1.0.26
   Compiling flate2 v1.1.9
   Compiling regex-automata v0.4.16
   Compiling simple_asn1 v0.6.4
   Compiling synstructure v0.13.2
   Compiling ppv-lite86 v0.2.21
   Compiling rand_chacha v0.9.0
   Compiling zeroize_derive v1.5.0
   Compiling displaydoc v0.2.6
   Compiling tracing-attributes v0.1.31
   Compiling zerofrom-derive v0.1.7
   Compiling yoke-derive v0.8.2
   Compiling tokio-macros v2.7.1
   Compiling zerovec-derive v0.11.3
   Compiling der_derive v0.7.3
   Compiling asn1-rs-derive v0.6.0
   Compiling asn1-rs-impl v0.2.0
   Compiling futures-macro v0.3.33
   Compiling prost-derive v0.14.4
   Compiling num_enum_derive v0.7.6
   Compiling rand v0.9.5
   Compiling zeroize v1.9.0
   Compiling rustls-pki-types v1.15.1
   Compiling futures-util v0.3.33
   Compiling asn1-rs v0.7.2
   Compiling der v0.7.10
   Compiling zerofrom v0.1.8
   Compiling num_enum v0.7.6
   Compiling tracing v0.1.44
   Compiling yoke v0.8.3
   Compiling zerovec v0.11.6
   Compiling zerotrie v0.2.4
   Compiling rustls-native-certs v0.8.4
   Compiling prost v0.14.4
   Compiling tokio v1.53.1
   Compiling axum-core v0.5.6
   Compiling faststr v0.2.34
   Compiling amq-protocol-types v10.6.2
   Compiling serde_spanned v0.6.9
   Compiling toml_datetime v0.6.11
   Compiling serde_urlencoded v0.7.1
   Compiling rmp-serde v1.3.1
   Compiling serde-value v0.7.0
   Compiling regex v1.13.1
   Compiling tinystr v0.8.3
   Compiling potential_utf v0.1.5
   Compiling serde-aux v4.7.0
   Compiling sonic-rs v0.5.8
   Compiling icu_collections v2.2.0
   Compiling spki v0.7.3
   Compiling icu_locale_core v2.2.0
   Compiling toml_edit v0.22.27
   Compiling x509-cert v0.2.5
   Compiling der-parser v10.0.0
   Compiling pkcs5 v0.7.1
   Compiling x509-parser v0.18.1
   Compiling icu_provider v2.2.0
   Compiling icu_normalizer v2.2.0
   Compiling icu_properties v2.2.0
   Compiling cms v0.2.3
   Compiling sockudo-filter v5.0.1 (/home/radud/Desktop/Code/Rust/sockudo/audits/performance-2026-09-05/implementation/baseline/crates/sockudo-filter)
   Compiling sockudo-protocol v5.0.1 (/home/radud/Desktop/Code/Rust/sockudo/audits/performance-2026-09-05/implementation/baseline/crates/sockudo-protocol)
   Compiling toml v0.8.23
   Compiling pkcs12 v0.1.0
   Compiling idna_adapter v1.2.2
   Compiling p12-keystore v0.2.1
   Compiling idna v1.1.0
   Compiling url v2.5.8
   Compiling amq-protocol-uri v10.6.2
   Compiling async-compat v0.2.5
   Compiling tokio-stream v0.1.19
   Compiling hyper v1.11.0
   Compiling tower v0.5.3
   Compiling tokio-util v0.7.19
   Compiling crossfire v3.1.19
   Compiling async-rs v0.8.11
   Compiling hyper-util v0.1.20
   Compiling axum v0.8.9
   Compiling sockudo-ws v2.0.1
   Compiling rdkafka v0.39.0
   Compiling rustls-webpki v0.103.13
   Compiling jsonwebtoken v11.0.0
   Compiling sockudo-core v5.0.1 (/home/radud/Desktop/Code/Rust/sockudo/audits/performance-2026-09-05/implementation/baseline/crates/sockudo-core)
   Compiling futures-rustls v0.26.0
   Compiling rustls-platform-verifier v0.7.0
   Compiling rustls-connector v0.23.6
   Compiling tcp-stream v0.34.14
   Compiling amq-protocol-tcp v10.6.2
   Compiling sockudo-queue v5.0.1 (/home/radud/Desktop/Code/Rust/sockudo/audits/performance-2026-09-05/implementation/baseline/crates/sockudo-queue)
   Compiling services-brokers v0.0.0 (/home/radud/Desktop/Code/Rust/sockudo/audits/performance-2026-09-05/implementation/broker-bench-baseline)
warning: unused import: `async_trait::async_trait`
 --> ../services-bench/src/brokers.rs:1:5
  |
1 | use async_trait::async_trait;
  |     ^^^^^^^^^^^^^^^^^^^^^^^^
  |
  = note: `#[warn(unused_imports)]` (part of `#[warn(unused)]`) on by default

warning: `services-brokers` (bin "services-brokers") generated 1 warning (run `cargo fix --bin "services-brokers" -p services-brokers` to apply 1 suggestion)
    Finished `release` profile [optimized] target(s) in 1m 11s
