    Blocking waiting for file lock on build directory
   Compiling libc v0.2.189
   Compiling aws-lc-sys v0.43.0
   Compiling aws-lc-rs v1.17.3
   Compiling getrandom v0.2.17
   Compiling socket2 v0.6.5
   Compiling rand_core v0.6.4
   Compiling parking_lot_core v0.9.12
   Compiling crypto-common v0.1.7
   Compiling errno v0.3.14
   Compiling parking_lot v0.12.5
   Compiling signal-hook-registry v1.4.8
   Compiling mio v1.2.2
   Compiling ring v0.17.14
   Compiling tokio v1.53.1
   Compiling rustls-webpki v0.103.13
   Compiling rustls v0.23.42
   Compiling digest v0.10.7
   Compiling getrandom v0.4.3
   Compiling rand v0.10.2
   Compiling cipher v0.4.4
   Compiling getrandom v0.3.4
   Compiling arrayvec v0.7.8
   Compiling rustls-platform-verifier v0.7.0
   Compiling sha1 v0.10.7
   Compiling fastrand v2.5.0
   Compiling rustix v1.1.4
   Compiling compio-buf v0.8.3
   Compiling socket2 v0.5.10
   Compiling rand_core v0.9.5
   Compiling synchrony v0.1.9
   Compiling hyper v1.11.0
   Compiling flume v0.12.0
   Compiling rand_chacha v0.9.0
   Compiling io-uring v0.7.13
   Compiling futures-rustls v0.26.0
   Compiling hyper-util v0.1.20
   Compiling io_uring_buf_ring v0.2.3
   Compiling rand v0.9.5
   Compiling spki v0.7.3
   Compiling tower v0.5.3
   Compiling aes v0.8.4
   Compiling num_cpus v1.17.0
   Compiling compio-log v0.1.0
   Compiling thin-cell v0.1.2
   Compiling compio-driver v0.11.4
   Compiling asn1-rs v0.7.2
   Compiling core_affinity v0.8.3
   Compiling anyhow v1.0.104
   Compiling darling_core v0.23.0
   Compiling compio-io v0.9.1
   Compiling hmac v0.12.1
   Compiling async-task v4.7.1
   Compiling scoped-tls v1.0.1
   Compiling compio-runtime v0.11.0
   Compiling pbkdf2 v0.12.2
   Compiling libm v0.2.16
   Compiling darling_macro v0.23.0
   Compiling x509-cert v0.2.5
   Compiling salsa20 v0.10.2
   Compiling sha2 v0.10.9
   Compiling tokio-rustls v0.26.4
   Compiling siphasher v1.0.3
   Compiling fastbloom v0.17.0
   Compiling cms v0.2.3
   Compiling scrypt v0.11.0
   Compiling darling v0.23.0
   Compiling oid-registry v0.8.1
   Compiling der-parser v10.0.0
   Compiling cbc v0.1.2
   Compiling rand_pcg v0.10.2
   Compiling rustc-hash v2.1.3
   Compiling lru-slab v0.1.2
   Compiling unicode-segmentation v1.13.3
   Compiling quinn-proto v0.11.16
   Compiling compio-net v0.11.1
   Compiling x509-parser v0.18.1
   Compiling pkcs5 v0.7.1
   Compiling pkcs12 v0.1.0
   Compiling hyper-rustls v0.27.9
   Compiling event-listener-strategy v0.5.4
   Compiling tower-http v0.6.11
   Compiling rc2 v0.8.1
   Compiling des v0.8.1
   Compiling uuid v1.24.0
   Compiling tokio-stream v0.1.19
   Compiling async-compat v0.2.5
   Compiling universal-hash v0.5.1
   Compiling utf-8 v0.7.6
   Compiling macro_rules_attribute v0.1.3
   Compiling tungstenite v0.28.0
   Compiling dashmap v6.2.1
   Compiling async-rs v0.8.11
   Compiling polyval v0.6.2
   Compiling equator v0.4.2
   Compiling p12-keystore v0.2.1
   Compiling ext-trait v1.0.1
   Compiling reqwest v0.13.4
   Compiling ahash v0.8.12
   Compiling convert_case v0.10.0
   Compiling compio-tls v0.9.1
   Compiling rustls-connector v0.23.6
   Compiling terminal_size v0.4.4
   Compiling os_pipe v1.2.3
   Compiling seize v0.5.1
   Compiling sonic-rs v0.5.8
   Compiling clap_builder v4.6.2
   Compiling derive_more-impl v2.1.1
   Compiling bytemuck v1.25.2
   Compiling papaya v0.2.4
   Compiling compio-fs v0.11.0
   Compiling tcp-stream v0.34.14
   Compiling nougat v0.2.4
   Compiling compio-ws v0.3.1
   Compiling bon-macros v3.9.3
   Compiling enumset v1.1.14
   Compiling reqwest-middleware v0.5.2
   Compiling extension-traits v1.0.1
   Compiling compio-quic v0.7.2
   Compiling async-scoped v0.9.0
   Compiling aligned-vec v0.6.4
   Compiling ghash v0.5.1
   Compiling prost-derive v0.14.4
   Compiling crossbeam-deque v0.8.7
   Compiling rust_decimal v1.42.1
   Compiling async-lock v3.4.2
   Compiling serde_with_macros v3.21.0
   Compiling compio-macros v0.1.2
   Compiling tungstenite v0.29.0
   Compiling ctr v0.9.2
   Compiling yasna v0.6.0
   Compiling aead v0.5.2
   Compiling unicode-width v0.2.2
   Compiling polonius-the-crab v0.2.1
   Compiling never-say-never v6.6.666
   Compiling utf8-width v0.1.9
   Compiling constant_time_eq v0.4.2
   Compiling arrayref v0.3.9
   Compiling byte-unit v5.2.5
   Compiling blake3 v1.8.5
   Compiling lending-iterator v0.1.7
   Compiling comfy-table v7.2.2
   Compiling moka v0.12.15
   Compiling async-dropper-derive v0.3.1
   Compiling err_trail v0.11.1
   Compiling aes-gcm v0.10.3
   Compiling axum v0.8.9
   Compiling rcgen v0.14.8
   Compiling serde_with v3.21.0
   Compiling compio v0.18.0
   Compiling clap v4.6.4
   Compiling strum v0.28.0
   Compiling prost v0.14.4
   Compiling amq-protocol-tcp v10.6.2
   Compiling crossbeam v0.8.4
   Compiling bon v3.9.3
   Compiling iggy_binary_protocol v0.10.0
   Compiling async-dropper-simple v0.2.6
   Compiling derive_more v2.1.1
   Compiling quinn-udp v0.5.15
   Compiling nix v0.31.3
   Compiling libz-sys v1.1.29
   Compiling async-broadcast v0.7.2
   Compiling ulid v1.2.1
   Compiling simple_asn1 v0.6.4
   Compiling retry-policies v0.5.2
   Compiling twox-hash v2.1.3
   Compiling tokio-util v0.7.19
   Compiling secrecy v0.10.3
   Compiling human-repr v1.1.0
   Compiling humantime v2.4.0
   Compiling iggy_common v0.10.0
   Compiling sockudo-ws v2.0.1
   Compiling jsonwebtoken v11.0.0
   Compiling crossfire v3.1.19
   Compiling sockudo-protocol v5.0.1 (/home/radud/Desktop/Code/Rust/sockudo/crates/sockudo-protocol)
   Compiling reqwest-retry v0.9.1
   Compiling rdkafka-sys v4.10.0+2.12.1
   Compiling quinn v0.11.11
   Compiling sockudo-filter v5.0.1 (/home/radud/Desktop/Code/Rust/sockudo/crates/sockudo-filter)
   Compiling async-dropper v0.3.1
   Compiling amq-protocol v10.6.2
   Compiling serde-aux v4.7.0
   Compiling tokio-tungstenite v0.29.0
   Compiling reqwest-tracing v0.7.1
   Compiling backon v1.6.0
   Compiling sockudo-core v5.0.1 (/home/radud/Desktop/Code/Rust/sockudo/crates/sockudo-core)
   Compiling iggy v0.10.0
   Compiling lapin v4.10.0
   Compiling rdkafka v0.39.0
   Compiling sockudo-queue v5.0.1 (/home/radud/Desktop/Code/Rust/sockudo/crates/sockudo-queue)
    Finished `test` profile [unoptimized + debuginfo] target(s) in 1m 25s
     Running tests/broker_performance_live.rs (target/debug/deps/broker_performance_live-1842308e46381008)

running 3 tests
test iggy_partition_workers_deliver_every_job_with_bounded_concurrency ... 