   Compiling proc-macro2 v1.0.107
   Compiling quote v1.0.47
   Compiling unicode-ident v1.0.24
   Compiling libc v0.2.189
   Compiling cfg-if v1.0.4
   Compiling serde_core v1.0.229
   Compiling serde v1.0.229
   Compiling itoa v1.0.18
   Compiling bytes v1.12.1
   Compiling once_cell v1.21.4
   Compiling zmij v1.0.23
   Compiling smallvec v1.15.2
   Compiling version_check v0.9.5
   Compiling autocfg v1.5.1
   Compiling stable_deref_trait v1.2.1
   Compiling parking_lot_core v0.9.12
   Compiling pin-project-lite v0.2.17
   Compiling typenum v1.20.1
   Compiling scopeguard v1.2.0
   Compiling futures-core v0.3.33
   Compiling memchr v2.8.3
   Compiling log v0.4.33
   Compiling serde_json v1.0.151
   Compiling zerocopy v0.8.55
   Compiling getrandom v0.3.4
   Compiling find-msvc-tools v0.1.9
   Compiling shlex v2.0.1
   Compiling writeable v0.6.3
   Compiling litemap v0.8.2
   Compiling thiserror v2.0.19
   Compiling pkg-config v0.3.33
   Compiling utf8_iter v1.0.4
   Compiling lock_api v0.4.14
   Compiling icu_properties_data v2.2.0
   Compiling fs_extra v1.3.0
   Compiling dunce v1.0.5
   Compiling tracing-core v0.1.36
   Compiling httparse v1.10.1
   Compiling crossbeam-utils v0.8.22
   Compiling icu_normalizer_data v2.2.0
   Compiling percent-encoding v2.3.2
   Compiling getrandom v0.4.3
   Compiling rand_core v0.10.1
   Compiling tower-service v0.3.3
   Compiling anyhow v1.0.104
   Compiling generic-array v0.14.7
   Compiling ahash v0.8.12
   Compiling cpufeatures v0.3.0
   Compiling deunicode v1.6.2
   Compiling simdutf8 v0.1.5
   Compiling ref-cast v1.0.26
   Compiling form_urlencoded v1.2.2
   Compiling futures-channel v0.3.33
   Compiling num-traits v0.2.19
   Compiling atomic-waker v1.1.2
   Compiling slab v0.4.12
   Compiling futures-task v0.3.33
   Compiling either v1.16.0
   Compiling sync_wrapper v1.0.2
   Compiling cmov v0.5.4
   Compiling slug v0.1.6
   Compiling num-conv v0.2.2
   Compiling time-core v0.1.9
   Compiling equivalent v1.0.2
   Compiling httpdate v1.0.3
   Compiling tower-layer v0.3.3
   Compiling chacha20 v0.10.1
   Compiling sonic-number v0.1.2
   Compiling sonic-simd v0.1.4
   Compiling bumpalo v3.20.3
   Compiling ryu v1.0.23
   Compiling hashbrown v0.17.1
   Compiling aws-lc-rs v1.17.3
   Compiling http v1.4.2
   Compiling hashbrown v0.14.5
   Compiling itertools v0.14.0
   Compiling powerfmt v0.2.0
   Compiling ctutils v0.4.2
   Compiling mime v0.3.17
   Compiling base64 v0.22.1
   Compiling deranged v0.5.8
   Compiling time-macros v0.2.32
   Compiling const-oid v0.10.2
   Compiling aho-corasick v1.1.4
   Compiling untrusted v0.7.1
   Compiling toml_write v0.1.2
   Compiling zlib-rs v0.6.6
   Compiling futures-sink v0.3.33
   Compiling regex-syntax v0.8.11
   Compiling matchit v0.8.4
   Compiling winnow v0.7.15
   Compiling iana-time-zone v0.1.65
   Compiling cpufeatures v0.2.17
   Compiling fastrand v2.5.0
   Compiling pointers v0.1.0
   Compiling signature v2.2.0
   Compiling md5 v0.8.1
   Compiling urlencoding v2.1.3
   Compiling hex v0.4.3
   Compiling syn v2.0.119
   Compiling syn v3.0.3
   Compiling pem v3.0.6
   Compiling hybrid-array v0.4.13
   Compiling num-integer v0.1.46
   Compiling ordered-float v2.10.1
   Compiling rmp v0.8.15
   Compiling chrono v0.4.45
   Compiling indexmap v2.14.0
   Compiling errno v0.3.14
   Compiling socket2 v0.6.5
   Compiling mio v1.2.2
   Compiling seize v0.5.1
   Compiling socket2 v0.5.10
   Compiling jobserver v0.1.35
   Compiling signal-hook-registry v1.4.8
   Compiling http-body v1.1.0
   Compiling rand_core v0.9.5
   Compiling rand v0.10.2
   Compiling parking_lot v0.12.5
   Compiling dashmap v6.2.1
   Compiling num-bigint v0.4.8
   Compiling http-body-util v0.1.4
   Compiling papaya v0.2.4
   Compiling crypto-common v0.2.2
   Compiling block-buffer v0.12.1
   Compiling cc v1.3.0
   Compiling crypto-common v0.1.7
   Compiling block-buffer v0.10.4
   Compiling digest v0.10.7
   Compiling sha1 v0.10.7
   Compiling time v0.3.54
   Compiling uuid v1.24.0
   Compiling digest v0.11.3
   Compiling sha2 v0.11.0
   Compiling hmac v0.13.0
   Compiling serde_path_to_error v0.1.20
   Compiling serde_bytes v0.11.19
   Compiling cmake v0.1.58
   Compiling aws-lc-sys v0.43.0
   Compiling regex-automata v0.4.16
   Compiling flate2 v1.1.9
   Compiling jmespath v0.5.0
   Compiling serde_derive v1.0.229
   Compiling thiserror-impl v2.0.19
   Compiling ref-cast-impl v1.0.26
   Compiling async-trait v0.1.91
   Compiling ppv-lite86 v0.2.21
   Compiling synstructure v0.13.2
   Compiling rand_chacha v0.9.0
   Compiling simple_asn1 v0.6.4
   Compiling rand v0.9.5
   Compiling zerofrom-derive v0.1.7
   Compiling yoke-derive v0.8.2
   Compiling zerovec-derive v0.11.3
   Compiling tracing-attributes v0.1.31
   Compiling displaydoc v0.2.6
   Compiling tokio-macros v2.7.1
   Compiling futures-macro v0.3.33
   Compiling zeroize_derive v1.5.0
   Compiling prost-derive v0.14.4
   Compiling zeroize v1.9.0
   Compiling regex v1.13.1
   Compiling futures-util v0.3.33
   Compiling zerofrom v0.1.8
   Compiling yoke v0.8.3
   Compiling tracing v0.1.44
   Compiling zerovec v0.11.6
   Compiling zerotrie v0.2.4
   Compiling tokio v1.53.1
   Compiling axum-core v0.5.6
   Compiling prost v0.14.4
   Compiling tinystr v0.8.3
   Compiling potential_utf v0.1.5
   Compiling icu_locale_core v2.2.0
   Compiling faststr v0.2.34
   Compiling icu_collections v2.2.0
   Compiling serde_urlencoded v0.7.1
   Compiling toml_datetime v0.6.11
   Compiling serde_spanned v0.6.9
   Compiling serde-value v0.7.0
   Compiling rmp-serde v1.3.1
   Compiling sonic-rs v0.5.8
   Compiling toml_edit v0.22.27
   Compiling serde-aux v4.7.0
   Compiling icu_provider v2.2.0
   Compiling icu_normalizer v2.2.0
   Compiling icu_properties v2.2.0
   Compiling sockudo-filter v5.0.1 (/home/radud/Desktop/Code/Rust/sockudo/audits/performance-2026-09-05/implementation/baseline/crates/sockudo-filter)
   Compiling sockudo-protocol v5.0.1 (/home/radud/Desktop/Code/Rust/sockudo/audits/performance-2026-09-05/implementation/baseline/crates/sockudo-protocol)
   Compiling idna_adapter v1.2.2
   Compiling idna v1.1.0
   Compiling toml v0.8.23
   Compiling url v2.5.8
   Compiling hyper v1.11.0
   Compiling tower v0.5.3
   Compiling tokio-util v0.7.19
   Compiling crossfire v3.1.19
   Compiling hyper-util v0.1.20
   Compiling axum v0.8.9
   Compiling sockudo-ws v2.0.1
   Compiling jsonwebtoken v11.0.0
   Compiling sockudo-core v5.0.1 (/home/radud/Desktop/Code/Rust/sockudo/audits/performance-2026-09-05/implementation/baseline/crates/sockudo-core)
   Compiling presence-audit v0.0.0 (/home/radud/Desktop/Code/Rust/sockudo/audits/performance-2026-09-05/implementation/presence-bench-baseline)
    Finished `release` profile [optimized] target(s) in 1m 48s
