    Blocking waiting for file lock on build directory
   Compiling sockudo-core v5.0.1 (/home/radud/Desktop/Code/Rust/sockudo/crates/sockudo-core)
   Compiling sockudo-metrics v5.0.1 (/home/radud/Desktop/Code/Rust/sockudo/crates/sockudo-metrics)
   Compiling sockudo-webhook v5.0.1 (/home/radud/Desktop/Code/Rust/sockudo/crates/sockudo-webhook)
   Compiling sockudo-delta v5.0.1 (/home/radud/Desktop/Code/Rust/sockudo/crates/sockudo-delta)
   Compiling sockudo-cache v5.0.1 (/home/radud/Desktop/Code/Rust/sockudo/crates/sockudo-cache)
   Compiling sockudo-queue v5.0.1 (/home/radud/Desktop/Code/Rust/sockudo/crates/sockudo-queue)
   Compiling sockudo-app v5.0.1 (/home/radud/Desktop/Code/Rust/sockudo/crates/sockudo-app)
   Compiling sockudo-rate-limiter v5.0.1 (/home/radud/Desktop/Code/Rust/sockudo/crates/sockudo-rate-limiter)
   Compiling sockudo-adapter v5.0.1 (/home/radud/Desktop/Code/Rust/sockudo/crates/sockudo-adapter)
warning: method `dispatch` is never used
  --> crates/sockudo-adapter/src/transports/dispatch.rs:44:25
   |
23 | impl OrderedDispatcher {
   | ---------------------- method in this implementation
...
44 |     pub(crate) async fn dispatch(
   |                         ^^^^^^^^
   |
   = note: `#[warn(dead_code)]` (part of `#[warn(unused)]`) on by default

warning: `sockudo-adapter` (lib) generated 1 warning
   Compiling sockudo v5.0.1 (/home/radud/Desktop/Code/Rust/sockudo/crates/sockudo-server)
    Finished `test` profile [unoptimized + debuginfo] target(s) in 1m 32s
     Running unittests src/main.rs (target/debug/deps/sockudo-792edc6d8388d1a5)

running 5 tests
test history::presence_live_tests::dynamodb_presence_ranges_live ... ok
test history::presence_live_tests::mysql_presence_ranges_live ... ok
test history::presence_live_tests::postgres_presence_ranges_live ... ok
test history::presence_live_tests::scylla_presence_ranges_live ... ok
test history::presence_live_tests::surreal_presence_ranges_live ... ok

test result: ok. 5 passed; 0 failed; 0 ignored; 0 measured; 139 filtered out; finished in 52.90s

