   Compiling hashbrown v0.15.5
   Compiling rustls v0.23.42
   Compiling either v1.16.0
   Compiling time v0.3.54
   Compiling num-integer v0.1.46
   Compiling tracing v0.1.44
   Compiling futures-io v0.3.33
   Compiling prost v0.14.4
   Compiling futures-executor v0.3.33
   Compiling serde_with v3.21.0
   Compiling tracing-subscriber v0.3.23
   Compiling google-cloud-auth v1.15.0
   Compiling sonic-rs v0.5.8
   Compiling opentelemetry-semantic-conventions v0.32.1
   Compiling rustls-webpki v0.103.13
   Compiling futures v0.3.33
   Compiling bytes-utils v0.1.4
   Compiling tokio v1.53.1
   Compiling opentelemetry v0.32.0
   Compiling axum-core v0.5.6
   Compiling num-bigint v0.4.8
   Compiling prost-types v0.14.4
   Compiling opentelemetry_sdk v0.32.1
   Compiling tracing-opentelemetry v0.33.0
   Compiling sockudo-protocol v5.0.1 (/home/radud/Desktop/Code/Rust/sockudo/crates/sockudo-protocol)
   Compiling sockudo-filter v5.0.1 (/home/radud/Desktop/Code/Rust/sockudo/crates/sockudo-filter)
   Compiling google-cloud-wkt v1.7.0
   Compiling simple_asn1 v0.6.4
   Compiling jsonwebtoken v11.0.0
   Compiling google-cloud-rpc v1.6.0
   Compiling google-cloud-type v1.6.0
   Compiling rustls-platform-verifier v0.7.0
   Compiling tokio-util v0.7.19
   Compiling aws-smithy-async v1.2.14
   Compiling tokio-rustls v0.26.4
   Compiling tokio-stream v0.1.19
   Compiling google-cloud-gax v1.13.0
   Compiling crossfire v3.1.19
   Compiling h2 v0.4.16
   Compiling tower v0.5.3
   Compiling aws-smithy-types v1.5.0
   Compiling aws-smithy-runtime-api v1.12.3
   Compiling aws-smithy-query v0.60.15
   Compiling tower-http v0.6.11
   Compiling aws-smithy-schema v0.1.0
   Compiling aws-credential-types v1.2.14
   Compiling aws-smithy-http v0.63.6
   Compiling aws-smithy-observability v0.2.6
   Compiling aws-sigv4 v1.4.5
   Compiling aws-types v1.3.16
   Compiling aws-smithy-json v0.62.7
   Compiling hyper v1.11.0
   Compiling hyper-util v0.1.20
   Compiling hyper-rustls v0.27.9
   Compiling hyper-timeout v0.5.2
   Compiling axum v0.8.9
   Compiling tonic v0.14.6
   Compiling aws-smithy-http-client v1.1.13
   Compiling reqwest v0.13.4
   Compiling aws-smithy-runtime v1.11.3
   Compiling tonic-prost v0.14.6
   Compiling sockudo-ws v2.0.1
   Compiling aws-runtime v1.7.5
   Compiling sockudo-core v5.0.1 (/home/radud/Desktop/Code/Rust/sockudo/crates/sockudo-core)
   Compiling aws-sdk-ssooidc v1.104.0
   Compiling aws-sdk-sso v1.102.0
   Compiling aws-sdk-sts v1.107.0
   Compiling aws-sdk-sqs v1.102.0
   Compiling google-cloud-gax-internal v0.7.16
   Compiling aws-config v1.8.18
   Compiling google-cloud-iam-v1 v1.11.0
   Compiling google-cloud-pubsub v1.3.0
   Compiling sockudo-queue v5.0.1 (/home/radud/Desktop/Code/Rust/sockudo/crates/sockudo-queue)
    Finished `test` profile [unoptimized + debuginfo] target(s) in 23.42s
  Executable unittests src/lib.rs (target/debug/deps/sockudo_queue-fec16f03b1f25e93)
