   Compiling proc-macro2 v1.0.107
   Compiling quote v1.0.47
   Compiling unicode-ident v1.0.24
   Compiling libc v0.2.189
   Compiling cfg-if v1.0.4
   Compiling serde_core v1.0.229
   Compiling smallvec v1.15.2
   Compiling once_cell v1.21.4
   Compiling serde v1.0.229
   Compiling crossbeam-utils v0.8.22
   Compiling bytes v1.12.1
   Compiling pin-project-lite v0.2.17
   Compiling autocfg v1.5.1
   Compiling itoa v1.0.18
   Compiling zmij v1.0.23
   Compiling parking_lot_core v0.9.12
   Compiling version_check v0.9.5
   Compiling memchr v2.8.3
   Compiling scopeguard v1.2.0
   Compiling stable_deref_trait v1.2.1
   Compiling typenum v1.20.1
   Compiling anyhow v1.0.104
   Compiling getrandom v0.3.4
   Compiling futures-core v0.3.33
   Compiling zerocopy v0.8.55
   Compiling log v0.4.33
   Compiling either v1.16.0
   Compiling serde_json v1.0.151
   Compiling shlex v2.0.1
   Compiling find-msvc-tools v0.1.9
   Compiling thiserror v2.0.19
   Compiling slab v0.4.12
   Compiling equivalent v1.0.2
   Compiling lock_api v0.4.14
   Compiling litemap v0.8.2
   Compiling writeable v0.6.3
   Compiling tracing-core v0.1.36
   Compiling utf8_iter v1.0.4
   Compiling httparse v1.10.1
   Compiling icu_properties_data v2.2.0
   Compiling cpufeatures v0.3.0
   Compiling rand_core v0.10.1
   Compiling icu_normalizer_data v2.2.0
   Compiling itertools v0.14.0
   Compiling dunce v1.0.5
   Compiling generic-array v0.14.7
   Compiling pkg-config v0.3.33
   Compiling getrandom v0.4.3
   Compiling fs_extra v1.3.0
   Compiling ahash v0.8.12
   Compiling percent-encoding v2.3.2
   Compiling hashbrown v0.17.1
   Compiling num-traits v0.2.19
   Compiling ref-cast v1.0.26
   Compiling futures-task v0.3.33
   Compiling simdutf8 v0.1.5
   Compiling deunicode v1.6.2
   Compiling tower-service v0.3.3
   Compiling form_urlencoded v1.2.2
   Compiling chacha20 v0.10.1
   Compiling futures-channel v0.3.33
   Compiling cmov v0.5.4
   Compiling sync_wrapper v1.0.2
   Compiling num-conv v0.2.2
   Compiling rustversion v1.0.23
   Compiling rustix v1.1.4
   Compiling httpdate v1.0.3
   Compiling http v1.4.2
   Compiling aho-corasick v1.1.4
   Compiling slug v0.1.6
   Compiling tower-layer v0.3.3
   Compiling crossbeam-epoch v0.9.20
   Compiling atomic-waker v1.1.2
   Compiling time-core v0.1.9
   Compiling base64 v0.22.1
   Compiling sonic-number v0.1.2
   Compiling ctutils v0.4.2
   Compiling sonic-simd v0.1.4
   Compiling mime v0.3.17
   Compiling deranged v0.5.8
   Compiling regex-syntax v0.8.11
   Compiling powerfmt v0.2.0
   Compiling foldhash v0.1.5
   Compiling linux-raw-sys v0.12.1
   Compiling hashbrown v0.14.5
   Compiling aws-lc-rs v1.17.3
   Compiling bumpalo v3.20.3
   Compiling ryu v1.0.23
   Compiling time-macros v0.2.32
   Compiling bitflags v2.13.1
   Compiling syn v2.0.119
   Compiling syn v3.0.3
   Compiling const-oid v0.10.2
   Compiling hashbrown v0.15.5
   Compiling indexmap v2.14.0
   Compiling concurrent-queue v2.5.0
   Compiling winnow v0.7.15
   Compiling zlib-rs v0.6.6
   Compiling parking v2.2.1
   Compiling untrusted v0.7.1
   Compiling futures-sink v0.3.33
   Compiling hybrid-array v0.4.13
   Compiling iana-time-zone v0.1.65
   Compiling fixedbitset v0.5.7
   Compiling fastrand v2.5.0
   Compiling cpufeatures v0.2.17
   Compiling toml_write v0.1.2
   Compiling mio v1.2.2
   Compiling errno v0.3.14
   Compiling jobserver v0.1.35
   Compiling socket2 v0.6.5
   Compiling num-integer v0.1.46
   Compiling rmp v0.8.15
   Compiling ordered-float v2.10.1
   Compiling http-body v1.1.0
   Compiling parking_lot v0.12.5
   Compiling signal-hook-registry v1.4.8
   Compiling rand_core v0.9.5
   Compiling rand v0.10.2
   Compiling dashmap v6.2.1
   Compiling block-buffer v0.10.4
   Compiling http-body-util v0.1.4
   Compiling crypto-common v0.2.2
   Compiling block-buffer v0.12.1
   Compiling cc v1.3.0
   Compiling crypto-common v0.1.7
   Compiling num-bigint v0.4.8
   Compiling matchit v0.8.4
   Compiling rapidhash v4.5.1
   Compiling chrono v0.4.45
   Compiling socket2 v0.5.10
   Compiling seize v0.5.1
   Compiling digest v0.10.7
   Compiling event-listener v5.4.1
   Compiling pem v3.0.6
   Compiling crossbeam-channel v0.5.16
   Compiling petgraph v0.8.3
   Compiling portable-atomic v1.14.0
   Compiling regex-automata v0.4.16
   Compiling sha1 v0.10.7
   Compiling heck v0.5.0
   Compiling pointers v0.1.0
   Compiling signature v2.2.0
   Compiling multimap v0.10.1
   Compiling event-listener-strategy v0.5.4
   Compiling metrics v0.24.6
   Compiling papaya v0.2.4
   Compiling time v0.3.54
   Compiling nibble_vec v0.1.0
   Compiling raw-cpuid v11.6.0
   Compiling foldhash v0.2.0
   Compiling uuid v1.24.0
   Compiling endian-type v0.1.2
   Compiling urlencoding v2.1.3
   Compiling md5 v0.8.1
   Compiling digest v0.11.3
   Compiling hex v0.4.3
   Compiling hashbrown v0.16.1
   Compiling async-lock v3.4.2
   Compiling radix_trie v0.2.1
   Compiling rand_xoshiro v0.7.0
   Compiling ordered-float v5.3.0
   Compiling serde_path_to_error v0.1.20
   Compiling cmake v0.1.58
   Compiling serde_bytes v0.11.19
   Compiling hmac v0.13.0
   Compiling sha2 v0.11.0
   Compiling left-right v0.11.8
   Compiling hashbag v0.1.13
   Compiling sketches-ddsketch v0.3.1
   Compiling tagptr v0.2.0
   Compiling metrics-exporter-prometheus v0.18.3
   Compiling tempfile v3.27.0
   Compiling evmap v11.0.0
   Compiling aws-lc-sys v0.43.0
   Compiling flate2 v1.1.9
   Compiling jmespath v0.5.0
   Compiling regex v1.13.1
   Compiling serde_derive v1.0.229
   Compiling thiserror-impl v2.0.19
   Compiling ref-cast-impl v1.0.26
   Compiling async-trait v0.1.91
   Compiling quanta v0.12.6
   Compiling ppv-lite86 v0.2.21
   Compiling rand_chacha v0.9.0
   Compiling synstructure v0.13.2
   Compiling rand v0.9.5
   Compiling simple_asn1 v0.6.4
   Compiling zerofrom-derive v0.1.7
   Compiling yoke-derive v0.8.2
   Compiling tracing-attributes v0.1.31
   Compiling zerovec-derive v0.11.3
   Compiling displaydoc v0.2.6
   Compiling prost-derive v0.14.4
   Compiling tokio-macros v2.7.1
   Compiling futures-macro v0.3.33
   Compiling zeroize_derive v1.5.0
   Compiling metrics-util v0.20.4
   Compiling zeroize v1.9.0
   Compiling zerofrom v0.1.8
   Compiling futures-util v0.3.33
   Compiling yoke v0.8.3
   Compiling tracing v0.1.44
   Compiling zerotrie v0.2.4
   Compiling zerovec v0.11.6
   Compiling tokio v1.53.1
   Compiling axum-core v0.5.6
   Compiling prost v0.14.4
   Compiling tinystr v0.8.3
   Compiling potential_utf v0.1.5
   Compiling prost-types v0.14.4
   Compiling icu_collections v2.2.0
   Compiling icu_locale_core v2.2.0
   Compiling faststr v0.2.34
   Compiling serde_urlencoded v0.7.1
   Compiling serde_spanned v0.6.9
   Compiling toml_datetime v0.6.11
   Compiling serde-value v0.7.0
   Compiling rmp-serde v1.3.1
   Compiling sonic-rs v0.5.8
   Compiling toml_edit v0.22.27
   Compiling serde-aux v4.7.0
   Compiling prost-build v0.14.4
   Compiling moka v0.12.15
   Compiling icu_provider v2.2.0
   Compiling icu_normalizer v2.2.0
   Compiling icu_properties v2.2.0
   Compiling metrics-exporter-tcp v0.11.2
   Compiling idna_adapter v1.2.2
   Compiling idna v1.1.0
   Compiling sockudo-filter v5.0.1 (/home/radud/Desktop/Code/Rust/sockudo/audits/performance-2026-09-05/implementation/baseline/crates/sockudo-filter)
   Compiling sockudo-protocol v5.0.1 (/home/radud/Desktop/Code/Rust/sockudo/audits/performance-2026-09-05/implementation/baseline/crates/sockudo-protocol)
   Compiling url v2.5.8
   Compiling toml v0.8.23
   Compiling hyper v1.11.0
   Compiling tower v0.5.3
   Compiling tokio-util v0.7.19
   Compiling crossfire v3.1.19
   Compiling hyper-util v0.1.20
   Compiling axum v0.8.9
   Compiling sockudo-ws v2.0.1
   Compiling jsonwebtoken v11.0.0
   Compiling sockudo-core v5.0.1 (/home/radud/Desktop/Code/Rust/sockudo/audits/performance-2026-09-05/implementation/baseline/crates/sockudo-core)
   Compiling sockudo-metrics v5.0.1 (/home/radud/Desktop/Code/Rust/sockudo/audits/performance-2026-09-05/implementation/baseline/crates/sockudo-metrics)
   Compiling sockudo-cache v5.0.1 (/home/radud/Desktop/Code/Rust/sockudo/audits/performance-2026-09-05/implementation/baseline/crates/sockudo-cache)
   Compiling sockudo-app v5.0.1 (/home/radud/Desktop/Code/Rust/sockudo/audits/performance-2026-09-05/implementation/baseline/crates/sockudo-app)
   Compiling services-components v0.0.0 (/home/radud/Desktop/Code/Rust/sockudo/audits/performance-2026-09-05/implementation/components-bench-baseline)
warning: function `main` is never used
   --> ../services-bench/src/../../../diagnostics/src/bin/services.rs:196:10
    |
196 | async fn main() {
    |          ^^^^
    |
    = note: `#[warn(dead_code)]` (part of `#[warn(unused)]`) on by default

warning: `services-components` (bin "services-components") generated 1 warning
    Finished `release` profile [optimized] target(s) in 50.35s
