	Command being timed: "/home/radud/Desktop/Code/Rust/sockudo/audits/performance-2026-09-05/implementation/results/services/components-baseline-binary apps"
	User time (seconds): 1.62
	System time (seconds): 0.06
	Percent of CPU this job got: 48%
	Elapsed (wall clock) time (h:mm:ss or m:ss): 0:03.48
	Average shared text size (kbytes): 0
	Average unshared data size (kbytes): 0
	Average stack size (kbytes): 0
	Average total size (kbytes): 0
	Maximum resident set size (kbytes): 89232
	Average resident set size (kbytes): 0
	Major (requiring I/O) page faults: 0
	Minor (reclaiming a frame) page faults: 51970
	Voluntary context switches: 663
	Involuntary context switches: 159
	Swaps: 0
	File system inputs: 0
	File system outputs: 16
	Socket messages sent: 0
	Socket messages received: 0
	Signals delivered: 0
	Page size (bytes): 4096
	Exit status: 0
