
thread 'main' (40419) panicked at ../services-bench/src/recovery.rs:16:63:
called `Result::unwrap()` on an `Err` value: Connection refused (os error 111)
note: run with `RUST_BACKTRACE=1` environment variable to display a backtrace
Command exited with non-zero status 101
	Command being timed: "audits/performance-2026-09-05/implementation/target-services-bench-baseline/release/services-extra limiter"
	User time (seconds): 0.00
	System time (seconds): 0.00
	Percent of CPU this job got: 71%
	Elapsed (wall clock) time (h:mm:ss or m:ss): 0:00.00
	Average shared text size (kbytes): 0
	Average unshared data size (kbytes): 0
	Average stack size (kbytes): 0
	Average total size (kbytes): 0
	Maximum resident set size (kbytes): 8660
	Average resident set size (kbytes): 0
	Major (requiring I/O) page faults: 4
	Minor (reclaiming a frame) page faults: 504
	Voluntary context switches: 24
	Involuntary context switches: 1
	Swaps: 0
	File system inputs: 19640
	File system outputs: 8
	Socket messages sent: 0
	Socket messages received: 0
	Signals delivered: 0
	Page size (bytes): 4096
	Exit status: 101
