	Command being timed: "audits/performance-2026-09-05/implementation/target-services-bench-baseline/release/services-extra lambda"
	User time (seconds): 0.04
	System time (seconds): 0.02
	Percent of CPU this job got: 104%
	Elapsed (wall clock) time (h:mm:ss or m:ss): 0:00.06
	Average shared text size (kbytes): 0
	Average unshared data size (kbytes): 0
	Average stack size (kbytes): 0
	Average total size (kbytes): 0
	Maximum resident set size (kbytes): 12604
	Average resident set size (kbytes): 0
	Major (requiring I/O) page faults: 0
	Minor (reclaiming a frame) page faults: 869
	Voluntary context switches: 1618
	Involuntary context switches: 15
	Swaps: 0
	File system inputs: 64
	File system outputs: 8
	Socket messages sent: 0
	Socket messages received: 0
	Signals delivered: 0
	Page size (bytes): 4096
	Exit status: 0
