	Command being timed: "audits/performance-2026-09-05/implementation/target-services-bench-baseline/release/services-extra http"
	User time (seconds): 0.02
	System time (seconds): 0.01
	Percent of CPU this job got: 1%
	Elapsed (wall clock) time (h:mm:ss or m:ss): 0:02.53
	Average shared text size (kbytes): 0
	Average unshared data size (kbytes): 0
	Average stack size (kbytes): 0
	Average total size (kbytes): 0
	Maximum resident set size (kbytes): 16224
	Average resident set size (kbytes): 0
	Major (requiring I/O) page faults: 2
	Minor (reclaiming a frame) page faults: 1528
	Voluntary context switches: 248
	Involuntary context switches: 21
	Swaps: 0
	File system inputs: 1880
	File system outputs: 8
	Socket messages sent: 0
	Socket messages received: 0
	Signals delivered: 0
	Page size (bytes): 4096
	Exit status: 0
