   Compiling smallvec v1.15.2
   Compiling log v0.4.33
   Compiling futures-core v0.3.33
   Compiling parking_lot_core v0.9.12
   Compiling tracing v0.1.44
   Compiling parking_lot v0.12.5
   Compiling tokio-macros v2.7.1
   Compiling futures-sink v0.3.33
   Compiling tokio v1.53.1
   Compiling find-msvc-tools v0.1.9
   Compiling cc v1.3.0
   Compiling syn v3.0.3
   Compiling http v1.4.2
   Compiling pkg-config v0.3.33
   Compiling futures-macro v0.3.33
   Compiling futures-task v0.3.33
   Compiling futures-util v0.3.33
   Compiling tokio-util v0.7.19
   Compiling http-body v1.1.0
   Compiling http-body-util v0.1.4
   Compiling serde_derive v1.0.229
   Compiling num-integer v0.1.46
   Compiling cmake v0.1.58
   Compiling time v0.3.54
   Compiling serde v1.0.229
   Compiling aws-lc-sys v0.43.0
   Compiling indexmap v2.14.0
   Compiling aws-lc-rs v1.17.3
   Compiling ring v0.17.14
   Compiling futures-channel v0.3.33
   Compiling zerovec-derive v0.11.3
   Compiling zerocopy v0.8.55
   Compiling h2 v0.4.16
   Compiling zerovec v0.11.6
   Compiling displaydoc v0.2.6
   Compiling cpufeatures v0.3.0
   Compiling hyper v1.11.0
   Compiling http v0.2.12
   Compiling sync_wrapper v1.0.2
   Compiling vsimd v0.8.0
   Compiling either v1.16.0
   Compiling rustls v0.23.42
   Compiling ipnet v2.12.0
   Compiling outref v0.5.2
   Compiling base64-simd v0.8.0
   Compiling hyper-util v0.1.20
   Compiling bytes-utils v0.1.4
   Compiling http-body v0.4.6
   Compiling hybrid-array v0.4.13
   Compiling thiserror v2.0.19
   Compiling pin-utils v0.1.0
   Compiling aws-smithy-types v1.5.0
   Compiling tower v0.5.3
   Compiling tinystr v0.8.3
   Compiling thiserror-impl v2.0.19
   Compiling litemap v0.8.2
   Compiling writeable v0.6.3
   Compiling icu_locale_core v2.2.0
   Compiling chacha20 v0.10.1
   Compiling block-buffer v0.12.1
   Compiling crypto-common v0.2.2
   Compiling zerotrie v0.2.4
   Compiling potential_utf v0.1.5
   Compiling icu_normalizer_data v2.2.0
   Compiling icu_properties_data v2.2.0
   Compiling icu_collections v2.2.0
   Compiling digest v0.11.3
   Compiling itertools v0.14.0
   Compiling icu_provider v2.2.0
   Compiling rand v0.10.2
   Compiling aws-smithy-async v1.2.14
   Compiling aws-smithy-runtime-api-macros v1.0.0
   Compiling aws-smithy-runtime-api v1.12.3
   Compiling prost-derive v0.14.4
   Compiling ppv-lite86 v0.2.21
   Compiling rand_chacha v0.9.0
   Compiling icu_properties v2.2.0
   Compiling icu_normalizer v2.2.0
   Compiling uuid v1.24.0
   Compiling sha2 v0.11.0
   Compiling idna_adapter v1.2.2
   Compiling rand v0.9.5
   Compiling hmac v0.13.0
   Compiling idna v1.1.0
   Compiling crc32fast v1.5.0
   Compiling ref-cast v1.0.26
   Compiling url v2.5.8
   Compiling concurrent-queue v2.5.0
   Compiling ref-cast-impl v1.0.26
   Compiling event-listener v5.4.1
   Compiling ahash v0.8.12
   Compiling faststr v0.2.34
   Compiling aho-corasick v1.1.4
   Compiling semver v1.0.28
   Compiling data-encoding v2.11.0
   Compiling dashmap v6.2.1
   Compiling sonic-rs v0.5.8
   Compiling openssl-sys v0.9.117
   Compiling tungstenite v0.29.0
   Compiling rustc_version v0.4.1
   Compiling aws-smithy-eventstream v0.60.21
   Compiling event-listener-strategy v0.5.4
   Compiling prost v0.14.4
   Compiling aws-smithy-schema v0.1.0
   Compiling serde_urlencoded v0.7.1
   Compiling num-bigint v0.4.8
   Compiling axum-core v0.5.6
   Compiling async-lock v3.4.2
   Compiling aws-smithy-http v0.63.6
   Compiling aws-types v1.3.16
   Compiling tokio-tungstenite v0.29.0
   Compiling aws-credential-types v1.2.14
   Compiling serde_spanned v0.6.9
   Compiling toml_datetime v0.6.11
   Compiling regex-automata v0.4.16
   Compiling toml_edit v0.22.27
   Compiling axum v0.8.9
   Compiling serde-value v0.7.0
   Compiling rmp-serde v1.3.1
   Compiling jmespath v0.5.0
   Compiling simple_asn1 v0.6.4
   Compiling aws-smithy-observability v0.2.6
   Compiling combine v4.6.7
   Compiling async-trait v0.1.91
   Compiling crossfire v3.1.19
   Compiling sockudo-protocol v5.0.1 (/home/radud/Desktop/Code/Rust/sockudo/crates/sockudo-protocol)
   Compiling rustls-webpki v0.103.13
   Compiling tokio-rustls v0.26.4
   Compiling hyper-rustls v0.27.9
   Compiling aws-smithy-http-client v1.1.13
   Compiling aws-smithy-runtime v1.11.3
   Compiling redis v1.4.1
   Compiling jsonwebtoken v11.0.0
   Compiling sockudo-filter v5.0.1 (/home/radud/Desktop/Code/Rust/sockudo/crates/sockudo-filter)
   Compiling serde-aux v4.7.0
   Compiling sockudo-ws v2.0.1
   Compiling toml v0.8.23
   Compiling regex v1.13.1
   Compiling aws-sigv4 v1.4.5
   Compiling openssl v0.10.81
   Compiling sockudo-core v5.0.1 (/home/radud/Desktop/Code/Rust/sockudo/crates/sockudo-core)
   Compiling petgraph v0.8.3
   Compiling aws-runtime v1.7.5
   Compiling prost-types v0.14.4
   Compiling aws-smithy-json v0.62.7
   Compiling regex-lite v0.1.9
   Compiling prost-build v0.14.4
   Compiling native-tls v0.2.18
   Compiling nibble_vec v0.1.0
   Compiling portable-atomic v1.14.0
   Compiling radix_trie v0.2.1
   Compiling metrics-exporter-tcp v0.11.2
   Compiling ordered-float v5.3.0
   Compiling xmlparser v0.13.6
   Compiling aws-smithy-xml v0.60.15
   Compiling evmap v11.0.0
   Compiling metrics-util v0.20.4
   Compiling tokio-native-tls v0.3.1
   Compiling aws-smithy-query v0.60.15
   Compiling moka v0.12.15
   Compiling aws-sdk-sts v1.107.0
   Compiling hyper-tls v0.6.0
   Compiling metrics-exporter-prometheus v0.18.3
   Compiling aws-sdk-sso v1.102.0
   Compiling aws-sdk-ssooidc v1.104.0
   Compiling tower-http v0.6.11
   Compiling reqwest v0.12.28
   Compiling aws-config v1.8.18
   Compiling sockudo-metrics v5.0.1 (/home/radud/Desktop/Code/Rust/sockudo/crates/sockudo-metrics)
   Compiling aws-sdk-lambda v1.131.0
   Compiling sockudo-rate-limiter v5.0.1 (/home/radud/Desktop/Code/Rust/sockudo/crates/sockudo-rate-limiter)
   Compiling sockudo-app v5.0.1 (/home/radud/Desktop/Code/Rust/sockudo/crates/sockudo-app)
   Compiling sockudo-webhook v5.0.1 (/home/radud/Desktop/Code/Rust/sockudo/crates/sockudo-webhook)
   Compiling sockudo-cache v5.0.1 (/home/radud/Desktop/Code/Rust/sockudo/crates/sockudo-cache)
   Compiling sockudo-queue v5.0.1 (/home/radud/Desktop/Code/Rust/sockudo/crates/sockudo-queue)
   Compiling sockudo-push v5.0.1 (/home/radud/Desktop/Code/Rust/sockudo/crates/sockudo-push)
   Compiling services-perf v0.0.0 (/home/radud/Desktop/Code/Rust/sockudo/audits/performance-2026-09-05/implementation/services-bench)
error[E0308]: mismatched types
  --> src/recovery.rs:33:135
   |
33 | ...bhooks=Some(vec![Webhook{url:Some(format!("http://{addr}/fail")),event_types:vec!["member_added".into()],..Default::default()}]);...
   |                                      ^^^^^^^^^^^^^^^^^^^^^^^^^^^^^ expected `Url`, found `String`

error[E0308]: mismatched types
  --> ../services-bench/src/recovery.rs:33:135
   |
33 | ...bhooks=Some(vec![Webhook{url:Some(format!("http://{addr}/fail")),event_types:vec!["member_added".into()],..Default::default()}]);...
   |                                      ^^^^^^^^^^^^^^^^^^^^^^^^^^^^^ expected `Url`, found `String`

error[E0308]: mismatched types
  --> ../services-bench/src/recovery.rs:33:303
   |
33 | ...hooks=Some(vec![Webhook{url:Some(format!("http://{addr}/healthy")),event_types:vec!["member_added".into()],..Default::default()}]...
   |                                     ^^^^^^^^^^^^^^^^^^^^^^^^^^^^^^^^ expected `Url`, found `String`

error[E0308]: mismatched types
  --> src/recovery.rs:33:303
   |
33 | ...hooks=Some(vec![Webhook{url:Some(format!("http://{addr}/healthy")),event_types:vec!["member_added".into()],..Default::default()}]...
   |                                     ^^^^^^^^^^^^^^^^^^^^^^^^^^^^^^^^ expected `Url`, found `String`

For more information about this error, try `rustc --explain E0308`.
error: could not compile `services-perf` (bin "services-perf") due to 2 previous errors
warning: build failed, waiting for other jobs to finish...
error: could not compile `services-perf` (bin "services-extra") due to 2 previous errors
