     Locking 361 packages to latest Rust 1.98.1 compatible versions
   Compiling proc-macro2 v1.0.107
   Compiling unicode-ident v1.0.24
   Compiling quote v1.0.47
   Compiling libc v0.2.189
   Compiling syn v3.0.4
   Compiling syn v2.0.119
   Compiling cfg-if v1.0.4
   Compiling smallvec v1.16.0
   Compiling once_cell v1.21.4
   Compiling bytes v1.12.1
   Compiling shlex v2.0.1
   Compiling find-msvc-tools v0.1.11
   Compiling pin-project-lite v0.2.17
   Compiling serde_core v1.0.229
   Compiling jobserver v0.1.35
   Compiling cc v1.4.4
   Compiling itoa v1.0.18
   Compiling parking_lot_core v0.9.12
   Compiling log v0.4.34
   Compiling scopeguard v1.2.0
   Compiling serde v1.0.229
   Compiling lock_api v0.4.14
   Compiling serde_derive v1.0.229
   Compiling tracing-attributes v0.1.31
   Compiling tracing-core v0.1.36
   Compiling futures-core v0.3.34
   Compiling tracing v0.1.44
   Compiling parking_lot v0.12.5
   Compiling synstructure v0.13.2
   Compiling mio v1.2.2
   Compiling errno v0.3.14
   Compiling signal-hook-registry v1.4.8
   Compiling tokio-macros v2.7.2
   Compiling socket2 v0.6.5
   Compiling autocfg v1.5.1
   Compiling zmij v1.0.23
   Compiling tokio v1.53.1
   Compiling num-traits v0.2.19
   Compiling zerofrom-derive v0.1.7
   Compiling version_check v0.9.5
   Compiling slab v0.4.12
   Compiling zerofrom v0.1.8
   Compiling yoke-derive v0.8.2
   Compiling pkg-config v0.3.34
   Compiling getrandom v0.3.4
   Compiling memchr v2.8.3
   Compiling futures-sink v0.3.34
   Compiling stable_deref_trait v1.2.1
   Compiling yoke v0.8.3
   Compiling typenum v1.20.1
   Compiling equivalent v1.0.2
   Compiling crossbeam-utils v0.8.22
   Compiling zerocopy v0.8.56
   Compiling http v1.5.0
   Compiling zerovec-derive v0.11.6
   Compiling zerovec v0.11.8
   Compiling displaydoc v0.2.7
   Compiling hashbrown v0.17.1
   Compiling indexmap v2.14.1
   Compiling zeroize_derive v1.5.0
   Compiling futures-macro v0.3.34
   Compiling futures-task v0.3.34
   Compiling anyhow v1.0.104
   Compiling thiserror v2.0.20
   Compiling futures-util v0.3.34
   Compiling zeroize v1.9.0
   Compiling thiserror-impl v2.0.20
   Compiling percent-encoding v2.3.2
   Compiling either v1.18.0
   Compiling serde_json v1.0.151
   Compiling httparse v1.10.1
   Compiling itertools v0.14.0
   Compiling tinystr v0.8.4
   Compiling http-body v1.1.0
   Compiling tokio-util v0.7.19
   Compiling generic-array v0.14.7
   Compiling writeable v0.6.4
   Compiling litemap v0.8.3
   Compiling icu_locale_core v2.3.0
   Compiling prost-derive v0.14.4
   Compiling zerotrie v0.2.5
   Compiling potential_utf v0.1.6
   Compiling rand_core v0.9.5
   Compiling ring v0.17.14
   Compiling rustversion v1.0.23
   Compiling base64 v0.22.1
   Compiling tower-service v0.3.3
   Compiling icu_normalizer_data v2.3.0
   Compiling utf8_iter v1.0.4
   Compiling icu_properties_data v2.3.0
   Compiling icu_collections v2.3.0
   Compiling icu_provider v2.3.1
   Compiling rustls-pki-types v1.15.1
   Compiling ppv-lite86 v0.2.21
   Compiling futures-channel v0.3.34
   Compiling fnv v1.0.7
   Compiling atomic-waker v1.1.2
   Compiling try-lock v0.2.5
   Compiling want v0.3.1
   Compiling h2 v0.4.19
   Compiling rand_chacha v0.9.0
   Compiling form_urlencoded v1.2.2
   Compiling getrandom v0.2.17
   Compiling getrandom v0.4.3
   Compiling rand_core v0.10.1
   Compiling cpufeatures v0.3.1
   Compiling httpdate v1.0.3
   Compiling untrusted v0.9.0
   Compiling hyper v1.11.1
   Compiling icu_properties v2.3.0
   Compiling icu_normalizer v2.3.0
   Compiling rand v0.9.5
   Compiling crypto-common v0.1.7
   Compiling block-buffer v0.10.4
   Compiling sync_wrapper v1.0.2
   Compiling cmake v0.1.58
   Compiling ipnet v2.12.1
   Compiling rustls v0.23.43
   Compiling bitflags v2.13.1
   Compiling openssl-probe v0.2.1
   Compiling dunce v1.0.5
   Compiling fs_extra v1.3.0
   Compiling tower-layer v0.3.3
   Compiling aws-lc-sys v0.45.0
   Compiling hyper-util v0.1.20
   Compiling digest v0.10.7
   Compiling rustls-webpki v0.103.15
   Compiling idna_adapter v1.2.2
   Compiling chacha20 v0.10.2
   Compiling http-body-util v0.1.5
   Compiling hybrid-array v0.4.14
   Compiling ahash v0.8.12
   Compiling simdutf8 v0.1.5
   Compiling subtle v2.6.1
   Compiling ref-cast v1.0.27
   Compiling parking v2.2.1
   Compiling deunicode v1.6.2
   Compiling cpufeatures v0.2.17
   Compiling ryu v1.0.23
   Compiling sha1 v0.10.7
   Compiling slug v0.1.6
   Compiling event-listener v5.4.2
   Compiling rand v0.10.2
   Compiling idna v1.1.0
   Compiling tower v0.5.3
   Compiling num-integer v0.1.47
   Compiling aho-corasick v1.1.5
   Compiling ref-cast-impl v1.0.27
   Compiling data-encoding v2.11.1
   Compiling vcpkg v0.2.15
   Compiling time-core v0.1.9
   Compiling num-conv v0.2.2
   Compiling cmov v0.5.4
   Compiling ctutils v0.4.2
   Compiling time-macros v0.2.32
   Compiling openssl-sys v0.9.117
   Compiling tungstenite v0.29.0
   Compiling num-bigint v0.4.8
   Compiling tokio-rustls v0.26.4
   Compiling url v2.5.8
   Compiling jmespath v0.5.0
   Compiling event-listener-strategy v0.5.4
   Compiling serde_urlencoded v0.7.1
   Compiling faststr v0.2.34
   Compiling block-buffer v0.12.1
   Compiling crypto-common v0.2.2
   Compiling webpki-roots v1.0.9
   Compiling prost v0.14.4
   Compiling sonic-number v0.1.2
   Compiling sonic-simd v0.1.4
   Compiling bumpalo v3.20.3
   Compiling hashbrown v0.14.5
   Compiling aws-lc-rs v1.18.1
   Compiling powerfmt v0.2.0
   Compiling fastrand v2.5.0
   Compiling deranged v0.5.8
   Compiling crc16 v0.4.0
   Compiling mime v0.3.17
   Compiling const-oid v0.10.2
   Compiling digest v0.11.3
   Compiling axum-core v0.5.6
   Compiling time v0.3.55
   Compiling dashmap v6.2.1
   Compiling sonic-rs v0.5.8
   Compiling async-lock v3.4.2
   Compiling tokio-tungstenite v0.29.0
   Compiling uuid v1.26.0
   Compiling ordered-float v2.10.1
   Compiling rmp v0.8.15
   Compiling toml_datetime v0.6.11
   Compiling serde_spanned v0.6.9
   Compiling serde_path_to_error v0.1.20
   Compiling toml_write v0.1.2
   Compiling untrusted v0.7.1
   Compiling crossbeam-epoch v0.9.20
   Compiling winnow v0.7.15
   Compiling iana-time-zone v0.1.65
   Compiling rustix v1.1.4
   Compiling regex-syntax v0.8.11
   Compiling matchit v0.8.4
   Compiling zlib-rs v0.6.6
   Compiling flate2 v1.1.9
   Compiling axum v0.8.9
   Compiling regex-automata v0.4.18
   Compiling chrono v0.4.45
   Compiling toml_edit v0.22.27
   Compiling rmp-serde v1.3.1
   Compiling serde-value v0.7.0
   Compiling simple_asn1 v0.6.4
   Compiling backon v1.6.0
   Compiling rustls-native-certs v0.8.4
   Compiling arc-swap v1.9.2
   Compiling pem v3.0.6
   Compiling combine v4.6.8
   Compiling serde_bytes v0.11.19
   Compiling seize v0.5.1
   Compiling socket2 v0.5.10
   Compiling linux-raw-sys v0.12.1
   Compiling xxhash-rust v0.8.18
   Compiling pointers v0.1.0
   Compiling arcstr v1.2.0
   Compiling signature v2.2.0
   Compiling sha1_smol v1.0.1
   Compiling foldhash v0.1.5
   Compiling hashbrown v0.15.5
   Compiling redis v1.4.1
   Compiling crossfire v3.1.19
   Compiling jsonwebtoken v11.0.0
   Compiling sockudo-ws v2.0.1
   Compiling papaya v0.2.4
   Compiling sockudo-protocol v5.0.1 (/home/radud/Desktop/Code/Rust/sockudo/audits/performance-2026-09-05/implementation/baseline/crates/sockudo-protocol)
   Compiling sockudo-filter v5.0.1 (/home/radud/Desktop/Code/Rust/sockudo/audits/performance-2026-09-05/implementation/baseline/crates/sockudo-filter)
   Compiling serde-aux v4.7.0
   Compiling toml v0.8.23
   Compiling regex v1.13.1
   Compiling hmac v0.13.0
   Compiling sha2 v0.11.0
   Compiling rapidhash v4.5.1
   Compiling async-trait v0.1.92
   Compiling md5 v0.8.1
   Compiling urlencoding v2.1.3
   Compiling foreign-types-shared v0.1.1
   Compiling fixedbitset v0.5.7
   Compiling hex v0.4.3
   Compiling openssl v0.10.81
   Compiling sockudo-core v5.0.1 (/home/radud/Desktop/Code/Rust/sockudo/audits/performance-2026-09-05/implementation/baseline/crates/sockudo-core)
   Compiling petgraph v0.8.3
   Compiling foreign-types v0.3.2
   Compiling tempfile v3.27.0
   Compiling metrics v0.24.6
   Compiling prost-types v0.14.4
   Compiling crossbeam-channel v0.5.16
   Compiling openssl-macros v0.1.1
   Compiling multimap v0.10.1
   Compiling heck v0.5.0
   Compiling native-tls v0.2.18
   Compiling prost-build v0.14.4
   Compiling raw-cpuid v11.6.0
   Compiling nibble_vec v0.1.0
   Compiling foldhash v0.2.0
   Compiling endian-type v0.1.2
   Compiling portable-atomic v1.15.0
   Compiling radix_trie v0.2.1
   Compiling hashbrown v0.16.1
   Compiling quanta v0.12.6
   Compiling metrics-exporter-tcp v0.11.2
   Compiling rand_xoshiro v0.7.0
   Compiling left-right v0.11.8
   Compiling ordered-float v5.5.0
   Compiling hashbag v0.1.13
   Compiling sketches-ddsketch v0.3.1
   Compiling metrics-exporter-prometheus v0.18.3
   Compiling metrics-util v0.20.4
   Compiling evmap v11.0.0
   Compiling tokio-native-tls v0.3.1
   Compiling tagptr v0.2.0
   Compiling moka v0.12.15
   Compiling hyper-tls v0.6.0
   Compiling hyper-rustls v0.27.9
   Compiling tower-http v0.6.11
   Compiling reqwest v0.12.28
   Compiling sockudo-metrics v5.0.1 (/home/radud/Desktop/Code/Rust/sockudo/audits/performance-2026-09-05/implementation/baseline/crates/sockudo-metrics)
   Compiling sockudo-rate-limiter v5.0.1 (/home/radud/Desktop/Code/Rust/sockudo/audits/performance-2026-09-05/implementation/baseline/crates/sockudo-rate-limiter)
   Compiling sockudo-webhook v5.0.1 (/home/radud/Desktop/Code/Rust/sockudo/audits/performance-2026-09-05/implementation/baseline/crates/sockudo-webhook)
   Compiling sockudo-app v5.0.1 (/home/radud/Desktop/Code/Rust/sockudo/audits/performance-2026-09-05/implementation/baseline/crates/sockudo-app)
   Compiling sockudo-cache v5.0.1 (/home/radud/Desktop/Code/Rust/sockudo/audits/performance-2026-09-05/implementation/baseline/crates/sockudo-cache)
   Compiling sockudo-queue v5.0.1 (/home/radud/Desktop/Code/Rust/sockudo/audits/performance-2026-09-05/implementation/baseline/crates/sockudo-queue)
   Compiling services-perf v0.0.0 (/home/radud/Desktop/Code/Rust/sockudo/audits/performance-2026-09-05/implementation/services-bench-baseline)
error[E0603]: module `driver` is private
  --> ../services-bench/src/main.rs:19:42
   |
19 |  let driver=sockudo_metrics::prometheus::driver::PrometheusMetricsDriver::new(6001,Some("perf_")).await;
   |                                          ^^^^^^  ----------------------- struct `PrometheusMetricsDriver` is not publicly re-exported
   |                                          |
   |                                          private module
   |
note: the module `driver` is defined here
  --> /home/radud/Desktop/Code/Rust/sockudo/audits/performance-2026-09-05/implementation/baseline/crates/sockudo-metrics/src/prometheus/mod.rs:3:1
   |
 3 | mod driver;
   | ^^^^^^^^^^

warning: unused imports: `AppManager` and `WebhookRetryConfig`
 --> ../services-bench/src/main.rs:3:30
  |
3 | ...App,AppManager,AppPolicy}, cache::CacheManager, metrics::MetricsInterface, options::{QueueReliabilityConfig,WebhookRetryConfig}, q...
  |        ^^^^^^^^^^                                                                                              ^^^^^^^^^^^^^^^^^^
  |
  = note: `#[warn(unused_imports)]` (part of `#[warn(unused)]`) on by default

For more information about this error, try `rustc --explain E0603`.
warning: `services-perf` (bin "services-extra") generated 1 warning
error: could not compile `services-perf` (bin "services-extra") due to 1 previous error; 1 warning emitted
