    Checking tracing v0.1.44
    Checking parking_lot_core v0.9.12
    Checking parking_lot v0.12.5
    Checking hashbrown v0.15.5
    Checking tokio v1.53.1
    Checking rustls v0.23.42
    Checking num-integer v0.1.46
    Checking digest v0.10.7
    Checking bitflags v2.13.1
    Checking bytes-utils v0.1.4
    Checking rustls-platform-verifier v0.7.0
    Checking sha1 v0.10.7
    Checking rustix v1.1.4
    Checking tokio-util v0.7.19
    Checking tokio-rustls v0.26.4
    Checking aws-smithy-async v1.2.14
    Checking num-bigint v0.4.8
    Checking h2 v0.4.16
    Checking tower v0.5.3
    Checking aws-smithy-types v1.5.0
    Checking aws-smithy-runtime-api v1.12.3
    Checking aws-smithy-schema v0.1.0
    Checking hyper v1.11.0
    Checking aws-smithy-eventstream v0.60.21
    Checking chrono v0.4.45
    Checking hyper-util v0.1.20
    Checking aws-smithy-http v0.63.6
    Checking aws-credential-types v1.2.14
    Checking tower-http v0.6.11
    Checking tokio-stream v0.1.19
    Checking hyper-rustls v0.27.9
    Checking aws-smithy-http-client v1.1.13
    Checking io-uring v0.7.13
    Checking aws-smithy-observability v0.2.6
   Compiling prost-derive v0.14.4
    Checking sha2 v0.10.9
    Checking futures-rustls v0.26.0
    Checking io_uring_buf_ring v0.2.3
    Checking aws-smithy-runtime v1.11.3
    Checking prost v0.14.4
    Checking aws-types v1.3.16
    Checking aws-sigv4 v1.4.5
    Checking signature v2.2.0
    Checking compio-log v0.1.0
    Checking compio-driver v0.11.4
    Checking reqwest v0.13.4
    Checking aws-runtime v1.7.5
    Checking aws-smithy-json v0.62.7
    Checking hmac v0.12.1
    Checking compio-runtime v0.11.0
    Checking pbkdf2 v0.12.2
    Checking google-cloud-wkt v1.7.0
   Compiling prost-derive v0.13.5
    Checking siphasher v1.0.3
    Checking dashmap v6.2.1
   Compiling getrandom v0.4.3
    Checking fastbloom v0.17.0
    Checking openssl v0.10.81
    Checking scrypt v0.11.0
    Checking der-parser v10.0.0
    Checking quinn-proto v0.11.16
    Checking native-tls v0.2.18
   Compiling prost v0.13.5
    Checking axum-core v0.5.6
    Checking pkcs5 v0.7.1
    Checking x509-parser v0.18.1
    Checking pkcs12 v0.1.0
    Checking google-cloud-rpc v1.6.0
    Checking compio-net v0.11.1
    Checking hyper-timeout v0.5.2
    Checking async-compat v0.2.5
    Checking opentelemetry v0.32.0
    Checking universal-hash v0.5.1
   Compiling crossbeam-deque v0.8.7
   Compiling rust_decimal v1.42.1
    Checking polyval v0.6.2
    Checking tungstenite v0.28.0
   Compiling tempfile v3.27.0
    Checking axum v0.8.9
    Checking p12-keystore v0.2.1
    Checking async-rs v0.8.11
    Checking tonic v0.14.6
    Checking google-cloud-gax v1.13.0
   Compiling prost-types v0.13.5
    Checking tokio-native-tls v0.3.1
    Checking aws-smithy-query v0.60.15
    Checking compio-tls v0.9.1
    Checking rustls-connector v0.23.6
    Checking simple_asn1 v0.6.4
    Checking combine v4.6.7
    Checking terminal_size v0.4.4
    Checking clap_builder v4.6.2
   Compiling prost-build v0.13.5
    Checking crossfire v3.1.19
    Checking redis v1.4.1
    Checking moka v0.12.15
    Checking bytemuck v1.25.2
    Checking compio-fs v0.11.0
    Checking curve25519-dalek v4.1.3
    Checking sockudo-protocol v5.0.1 (/home/radud/Desktop/Code/Rust/sockudo/crates/sockudo-protocol)
    Checking reqwest-middleware v0.5.2
    Checking jsonwebtoken v11.0.0
    Checking compio-ws v0.3.1
    Checking tcp-stream v0.34.14
    Checking sockudo-ws v2.0.1
    Checking sockudo-filter v5.0.1 (/home/radud/Desktop/Code/Rust/sockudo/crates/sockudo-filter)
    Checking google-cloud-auth v1.15.0
    Checking tonic-prost v0.14.6
    Checking compio-quic v0.7.2
    Checking serde-aux v4.7.0
    Checking tracing-opentelemetry v0.33.0
    Checking ghash v0.5.1
    Checking opentelemetry_sdk v0.32.1
    Checking ed25519 v2.2.3
    Checking prost-types v0.14.4
    Checking async-scoped v0.9.0
    Checking tungstenite v0.29.0
    Checking sockudo-core v5.0.1 (/home/radud/Desktop/Code/Rust/sockudo/crates/sockudo-core)
    Checking google-cloud-gax-internal v0.7.16
    Checking byte-unit v5.2.5
    Checking err_trail v0.11.1
    Checking aes-gcm v0.10.3
    Checking signatory v0.27.1
    Checking async-dropper-simple v0.2.6
    Checking clap v4.6.4
    Checking ed25519-dalek v2.2.0
    Checking compio v0.18.0
    Checking crossbeam v0.8.4
    Checking amq-protocol-tcp v10.6.2
    Checking iggy_binary_protocol v0.10.0
    Checking quinn-udp v0.5.15
    Checking nix v0.31.3
   Compiling async-dropper-derive v0.3.1
   Compiling pulsar v6.8.0
    Checking aws-sdk-sts v1.107.0
    Checking google-cloud-type v1.6.0
    Checking aws-sdk-sso v1.102.0
    Checking aws-sdk-ssooidc v1.104.0
    Checking ulid v1.2.1
    Checking iggy_common v0.10.0
    Checking reqwest-retry v0.9.1
    Checking aws-config v1.8.18
    Checking google-cloud-iam-v1 v1.11.0
    Checking async-dropper v0.3.1
    Checking quinn v0.11.11
    Checking amq-protocol v10.6.2
    Checking nkeys v0.4.5
    Checking tokio-tungstenite v0.29.0
    Checking reqwest-tracing v0.7.1
    Checking tokio-websockets v0.10.1
    Checking hyper-tls v0.6.0
    Checking tryhard v0.5.2
    Checking iggy v0.10.0
    Checking async-nats v0.47.0
    Checking reqwest v0.12.28
    Checking lapin v4.10.0
    Checking rdkafka v0.39.0
    Checking google-cloud-pubsub v1.3.0
    Checking aws-sdk-sns v1.104.0
    Checking aws-sdk-lambda v1.131.0
    Checking aws-sdk-sqs v1.102.0
    Checking sockudo-queue v5.0.1 (/home/radud/Desktop/Code/Rust/sockudo/crates/sockudo-queue)
    Checking sockudo-webhook v5.0.1 (/home/radud/Desktop/Code/Rust/sockudo/crates/sockudo-webhook)
    Checking sockudo-cache v5.0.1 (/home/radud/Desktop/Code/Rust/sockudo/crates/sockudo-cache)
    Finished `dev` profile [unoptimized + debuginfo] target(s) in 34.78s
