	Command being timed: "audits/performance-2026-09-05/implementation/results/services/s11-isolated-binary limiter"
	User time (seconds): 0.00
	System time (seconds): 0.01
	Percent of CPU this job got: 4%
	Elapsed (wall clock) time (h:mm:ss or m:ss): 0:00.48
	Average shared text size (kbytes): 0
	Average unshared data size (kbytes): 0
	Average stack size (kbytes): 0
	Average total size (kbytes): 0
	Maximum resident set size (kbytes): 9300
	Average resident set size (kbytes): 0
	Major (requiring I/O) page faults: 4
	Minor (reclaiming a frame) page faults: 992
	Voluntary context switches: 586
	Involuntary context switches: 23
	Swaps: 0
	File system inputs: 20480
	File system outputs: 8
	Socket messages sent: 0
	Socket messages received: 0
	Signals delivered: 0
	Page size (bytes): 4096
	Exit status: 0
