	Command being timed: "audits/performance-2026-09-05/implementation/results/services/s9-broker-binary kafka"
	User time (seconds): 0.18
	System time (seconds): 0.03
	Percent of CPU this job got: 1%
	Elapsed (wall clock) time (h:mm:ss or m:ss): 0:13.71
	Average shared text size (kbytes): 0
	Average unshared data size (kbytes): 0
	Average stack size (kbytes): 0
	Average total size (kbytes): 0
	Maximum resident set size (kbytes): 11036
	Average resident set size (kbytes): 0
	Major (requiring I/O) page faults: 1
	Minor (reclaiming a frame) page faults: 1936
	Voluntary context switches: 6839
	Involuntary context switches: 265
	Swaps: 0
	File system inputs: 12296
	File system outputs: 8
	Socket messages sent: 0
	Socket messages received: 0
	Signals delivered: 0
	Page size (bytes): 4096
	Exit status: 0
