    Blocking waiting for file lock on build directory
    Checking axum v0.8.9
    Checking prost-types v0.14.4
   Compiling prost v0.14.4
    Checking sockudo-filter v5.0.1 (/home/radud/Desktop/Code/Rust/sockudo/crates/sockudo-filter)
   Compiling prost-build v0.14.4
    Checking sockudo-ws v2.0.1
    Checking raw-cpuid v11.6.0
    Checking sockudo-core v5.0.1 (/home/radud/Desktop/Code/Rust/sockudo/crates/sockudo-core)
    Checking quanta v0.12.6
   Compiling metrics-exporter-tcp v0.11.2
    Checking metrics-util v0.20.4
    Checking google-cloud-gax-internal v0.7.16
    Checking google-cloud-iam-v1 v1.11.0
    Checking metrics-exporter-prometheus v0.18.3
    Checking google-cloud-pubsub v1.3.0
    Checking sockudo-metrics v5.0.1 (/home/radud/Desktop/Code/Rust/sockudo/crates/sockudo-metrics)
    Checking sockudo-webhook v5.0.1 (/home/radud/Desktop/Code/Rust/sockudo/crates/sockudo-webhook)
    Checking sockudo-queue v5.0.1 (/home/radud/Desktop/Code/Rust/sockudo/crates/sockudo-queue)
    Checking sockudo-rate-limiter v5.0.1 (/home/radud/Desktop/Code/Rust/sockudo/crates/sockudo-rate-limiter)
    Checking sockudo-cache v5.0.1 (/home/radud/Desktop/Code/Rust/sockudo/crates/sockudo-cache)
    Finished `dev` profile [unoptimized + debuginfo] target(s) in 20.46s
