    Blocking waiting for file lock on build directory
    Checking sonic-rs v0.5.8
    Checking tungstenite v0.29.0
    Checking num-integer v0.1.46
    Checking num-bigint v0.4.8
    Checking tokio-tungstenite v0.29.0
    Checking axum v0.8.9
    Checking simple_asn1 v0.6.4
    Checking jsonwebtoken v11.0.0
    Checking sockudo-protocol v5.0.1 (/home/radud/Desktop/Code/Rust/sockudo/crates/sockudo-protocol)
    Checking sockudo-filter v5.0.1 (/home/radud/Desktop/Code/Rust/sockudo/crates/sockudo-filter)
    Checking sockudo-ws v2.0.1
    Checking either v1.16.0
    Checking half v2.7.1
    Checking clap_builder v4.6.2
    Checking sockudo-core v5.0.1 (/home/radud/Desktop/Code/Rust/sockudo/crates/sockudo-core)
    Checking ciborium-ll v0.2.2
    Checking itertools v0.13.0
    Checking criterion-plot v0.6.0
    Checking rayon v1.12.0
    Checking plotters v0.3.7
    Checking ciborium v0.2.2
    Checking clap v4.6.4
    Checking criterion v0.7.0
    Checking metrics-util v0.20.4
    Checking metrics-exporter-prometheus v0.18.3
    Checking sockudo-push v5.0.1 (/home/radud/Desktop/Code/Rust/sockudo/crates/sockudo-push)
error: this `if` statement can be collapsed
   --> crates/sockudo-core/src/version_store/memory.rs:184:9
    |
184 | /         if let Some(operation) = record
185 | |             .envelope
186 | |             .as_ref()
187 | |             .and_then(|envelope| envelope.idempotency.as_ref())
...   |
195 | |         }
    | |_________^
    |
    = help: for further information visit https://rust-lang.github.io/rust-clippy/rust-1.98.0/index.html#collapsible_if
    = note: `-D clippy::collapsible-if` implied by `-D warnings`
    = help: to override `-D warnings` add `#[allow(clippy::collapsible_if)]`
help: collapse nested if block
    |
187 ~             .and_then(|envelope| envelope.idempotency.as_ref())
188 ~             && let Some(outcomes) = self.operations.get_mut(&operation.cache_key) {
189 |                 outcomes.retain(|outcome| outcome.version_serial() != record.version_serial());
...
192 |                 }
193 ~             }
    |

error: could not compile `sockudo-core` (lib) due to 1 previous error
warning: build failed, waiting for other jobs to finish...
error: this expression creates a reference which is immediately dereferenced by the compiler
   --> crates/sockudo-push/src/feedback.rs:190:55
    |
190 |                     .complete_device_feedback_receipt(&app_id, device_id, &prepared.id)
    |                                                       ^^^^^^^ help: change this to: `app_id`
    |
    = help: for further information visit https://rust-lang.github.io/rust-clippy/rust-1.98.0/index.html#needless_borrow
    = note: `-D clippy::needless-borrow` implied by `-D warnings`
    = help: to override `-D warnings` add `#[allow(clippy::needless_borrow)]`

error: this function has too many arguments (8/7)
   --> crates/sockudo-push/src/planner.rs:607:1
    |
607 | / async fn stream_indexed_target(
608 | |     store: &DynPushStore,
609 | |     queue: &crate::pipeline::DynPushQueue,
610 | |     target: &PublishTarget,
...   |
615 | |     batcher: &mut ProviderBatcher,
616 | | ) -> PushPipelineResult<Option<crate::domain::PushCursor>> {
    | |__________________________________________________________^
    |
    = help: for further information visit https://rust-lang.github.io/rust-clippy/rust-1.98.0/index.html#too_many_arguments
    = note: `-D clippy::too-many-arguments` implied by `-D warnings`
    = help: to override `-D warnings` add `#[allow(clippy::too_many_arguments)]`

error: could not compile `sockudo-push` (lib) due to 2 previous errors
