    Blocking waiting for file lock on build directory
    Checking serde_core v1.0.229
    Checking serde v1.0.229
    Checking smallvec v1.15.2
   Compiling num-traits v0.2.19
    Checking parking_lot_core v0.9.12
    Checking zeroize v1.9.0
    Checking icu_normalizer v2.2.0
   Compiling idna_adapter v1.2.2
   Compiling parking_lot v0.12.5
   Compiling idna v1.1.0
    Checking rustls-pki-types v1.15.1
   Compiling serde_json v1.0.151
   Compiling rustls v0.23.42
   Compiling url v2.5.8
   Compiling futures-intrusive v0.5.0
    Checking crypto-common v0.1.7
   Compiling either v1.16.0
    Checking futures-sink v0.3.33
    Checking form_urlencoded v1.2.2
    Checking tokio v1.53.1
   Compiling sqlx-core v0.9.0
    Checking digest v0.10.7
    Checking rustls-webpki v0.103.13
   Compiling bitflags v2.13.1
    Checking slab v0.4.12
    Checking futures-util v0.3.33
   Compiling atoi v2.0.0
    Checking sha2 v0.10.9
    Checking tokio-stream v0.1.19
    Checking webpki-roots v1.0.9
   Compiling sqlx-postgres v0.9.0
   Compiling sqlx-mysql v0.9.0
    Checking byteorder v1.5.0
   Compiling sqlx-macros-core v0.9.0
    Checking rand v0.10.2
    Checking futures-channel v0.3.33
   Compiling sqlx-macros v0.9.0
    Checking faststr v0.2.34
    Checking ahash v0.8.12
    Checking sonic-rs v0.5.8
    Checking sqlx v0.9.0
    Checking dashmap v6.2.1
    Checking aws-lc-rs v1.17.3
    Checking sockudo-push v5.0.1 (/home/radud/Desktop/Code/Rust/sockudo/crates/sockudo-push)
    Finished `dev` profile [unoptimized + debuginfo] target(s) in 37.35s
