   Compiling sockudo-push v5.0.1 (/home/radud/Desktop/Code/Rust/sockudo/crates/sockudo-push)
    Finished `test` profile [unoptimized + debuginfo] target(s) in 8.43s
     Running unittests src/lib.rs (target/debug/deps/sockudo_push-ad9b0f8862a6adbb)

running 4 tests
test feedback::live_tests::dynamodb_feedback_restart_boundaries ... feedback_restart_boundary=0 device_failures=1 dispatched=1 failed=1 event_count=1 receipts=0
feedback_restart_boundary=1 device_failures=1 dispatched=1 failed=1 event_count=1 receipts=0
feedback_restart_boundary=2 device_failures=1 dispatched=1 failed=1 event_count=1 receipts=0
feedback_restart_boundary=3 device_failures=1 dispatched=1 failed=1 event_count=1 receipts=0
ok
test feedback::live_tests::mysql_feedback_restart_boundaries ... feedback_restart_boundary=0 device_failures=1 dispatched=1 failed=1 event_count=1 receipts=0
feedback_restart_boundary=1 device_failures=1 dispatched=1 failed=1 event_count=1 receipts=0
feedback_restart_boundary=2 device_failures=1 dispatched=1 failed=1 event_count=1 receipts=0
feedback_restart_boundary=3 device_failures=1 dispatched=1 failed=1 event_count=1 receipts=0
ok
test feedback::live_tests::postgres_feedback_restart_boundaries ... feedback_restart_boundary=0 device_failures=1 dispatched=1 failed=1 event_count=1 receipts=0
feedback_restart_boundary=1 device_failures=1 dispatched=1 failed=1 event_count=1 receipts=0
feedback_restart_boundary=2 device_failures=1 dispatched=1 failed=1 event_count=1 receipts=0
feedback_restart_boundary=3 device_failures=1 dispatched=1 failed=1 event_count=1 receipts=0
ok
test feedback::live_tests::surreal_feedback_restart_boundaries ... feedback_restart_boundary=0 device_failures=1 dispatched=1 failed=1 event_count=1 receipts=0
feedback_restart_boundary=1 device_failures=1 dispatched=1 failed=1 event_count=1 receipts=0
feedback_restart_boundary=2 device_failures=1 dispatched=1 failed=1 event_count=1 receipts=0
feedback_restart_boundary=3 device_failures=1 dispatched=1 failed=1 event_count=1 receipts=0
ok

test result: ok. 4 passed; 0 failed; 0 ignored; 0 measured; 161 filtered out; finished in 19.43s

