    Blocking waiting for file lock on build directory
   Compiling sockudo-push v5.0.1 (/home/radud/Desktop/Code/Rust/sockudo/crates/sockudo-push)
    Finished `test` profile [unoptimized + debuginfo] target(s) in 45.28s
     Running unittests src/lib.rs (target/debug/deps/sockudo_push-ad9b0f8862a6adbb)

running 4 tests
test feedback::live_tests::dynamodb_feedback_restart_boundaries ... feedback_restart_boundary=0 device_failures=1 dispatched=1 failed=1 event_count=1 receipts=0
feedback_restart_boundary=1 device_failures=1 dispatched=1 failed=1 event_count=1 receipts=0
feedback_restart_boundary=2 device_failures=1 dispatched=1 failed=1 event_count=1 receipts=0
feedback_restart_boundary=3 device_failures=1 dispatched=1 failed=1 event_count=1 receipts=0
ok
test feedback::live_tests::mysql_feedback_restart_boundaries ... feedback_restart_boundary=0 device_failures=1 dispatched=1 failed=1 event_count=1 receipts=0
feedback_restart_boundary=1 device_failures=1 dispatched=1 failed=1 event_count=1 receipts=0
feedback_restart_boundary=2 device_failures=1 dispatched=1 failed=1 event_count=1 receipts=0
feedback_restart_boundary=3 device_failures=1 dispatched=1 failed=1 event_count=1 receipts=0

thread 'feedback::live_tests::mysql_feedback_restart_boundaries' (62594) panicked at crates/sockudo-push/src/lifecycle/tests.rs:140:5:
bounded restartable receipt scan did not finish
note: run with `RUST_BACKTRACE=1` environment variable to display a backtrace
FAILED
test feedback::live_tests::postgres_feedback_restart_boundaries ... feedback_restart_boundary=0 device_failures=1 dispatched=1 failed=1 event_count=1 receipts=0
feedback_restart_boundary=1 device_failures=1 dispatched=1 failed=1 event_count=1 receipts=0
feedback_restart_boundary=2 device_failures=1 dispatched=1 failed=1 event_count=1 receipts=0
feedback_restart_boundary=3 device_failures=1 dispatched=1 failed=1 event_count=1 receipts=0

thread 'feedback::live_tests::postgres_feedback_restart_boundaries' (62686) panicked at crates/sockudo-push/src/lifecycle/tests.rs:140:5:
bounded restartable receipt scan did not finish
FAILED
test feedback::live_tests::surreal_feedback_restart_boundaries ... feedback_restart_boundary=0 device_failures=1 dispatched=1 failed=1 event_count=1 receipts=0
feedback_restart_boundary=1 device_failures=1 dispatched=1 failed=1 event_count=1 receipts=0
feedback_restart_boundary=2 device_failures=1 dispatched=1 failed=1 event_count=1 receipts=0
feedback_restart_boundary=3 device_failures=1 dispatched=1 failed=1 event_count=1 receipts=0
ok

failures:

failures:
    feedback::live_tests::mysql_feedback_restart_boundaries
    feedback::live_tests::postgres_feedback_restart_boundaries

test result: FAILED. 2 passed; 2 failed; 0 ignored; 0 measured; 155 filtered out; finished in 8.28s

error: test failed, to rerun pass `-p sockudo-push --lib`
