   Compiling tracing v0.1.44
   Compiling rustls v0.23.42
   Compiling tokio v1.53.1
   Compiling tokio-util v0.7.19
   Compiling h2 v0.4.16
   Compiling rayon v1.12.0
   Compiling tower v0.5.3
   Compiling hyper v1.11.0
   Compiling aws-smithy-types v1.5.0
   Compiling hyper-util v0.1.20
   Compiling phf_generator v0.13.1
   Compiling aws-smithy-async v1.2.14
   Compiling aws-smithy-runtime-api v1.12.3
   Compiling heapless v0.8.0
   Compiling uuid v1.24.0
   Compiling tokio-stream v0.1.19
   Compiling tokio-rustls v0.26.4
   Compiling rstar v0.12.2
   Compiling i_overlay v4.0.7
   Compiling geo-types v0.7.19
   Compiling ring v0.17.14
   Compiling hyper-rustls v0.27.9
   Compiling phf_codegen v0.13.1
   Compiling string_cache_codegen v0.6.1
   Compiling geo v0.32.0
   Compiling web_atoms v0.2.5
   Compiling rustls-webpki v0.103.13
   Compiling axum-core v0.5.6
   Compiling phf_macros v0.13.1
   Compiling axum v0.8.9
   Compiling phf v0.13.1
   Compiling hyper-timeout v0.5.2
   Compiling sqlx-core v0.9.0
   Compiling rand v0.10.2
   Compiling tonic v0.14.6
   Compiling aws-smithy-schema v0.1.0
   Compiling bitflags v2.13.1
   Compiling itertools v0.13.0
   Compiling revision v0.30.0
   Compiling storekey v0.11.0
   Compiling markup5ever v0.39.0
   Compiling tonic-prost v0.14.6
   Compiling tower-http v0.6.11
   Compiling aws-smithy-http v0.63.6
   Compiling aws-credential-types v1.2.14
   Compiling rustls-platform-verifier v0.7.0
   Compiling num-bigint v0.4.8
   Compiling blake3 v1.8.5
   Compiling surrealdb-protocol v0.10.2
   Compiling simple_asn1 v0.6.4
   Compiling reqwest v0.13.4
   Compiling sqlx-postgres v0.9.0
   Compiling sqlx-mysql v0.9.0
   Compiling html5ever v0.39.0
   Compiling diskann-utils v0.54.0
   Compiling aws-smithy-http-client v1.1.13
   Compiling aws-smithy-observability v0.2.6
   Compiling sqlx-macros-core v0.9.0
   Compiling aws-smithy-runtime v1.11.3
   Compiling tungstenite v0.28.0
   Compiling object_store v0.13.2
   Compiling ammonia v4.1.4
   Compiling jsonwebtoken v10.4.0
   Compiling ndarray-stats v0.7.0
   Compiling surrealdb-types v3.2.3
   Compiling diskann v0.54.0
   Compiling aws-types v1.3.16
   Compiling aws-sigv4 v1.4.5
   Compiling quick_cache v0.6.24
   Compiling surrealdb-collections v3.2.3
   Compiling surrealdb-strand v3.2.3
   Compiling sysinfo v0.37.2
   Compiling surrealdb-core v3.2.3
   Compiling tokio-tungstenite v0.28.0
   Compiling aws-runtime v1.7.5
   Compiling sqlx-macros v0.9.0
   Compiling aws-smithy-json v0.62.7
   Compiling criterion-plot v0.6.0
   Compiling aws-sdk-dynamodb v1.116.0
   Compiling sonic-rs v0.5.8
   Compiling sqlx v0.9.0
   Compiling plotters v0.3.7
   Compiling criterion v0.7.0
   Compiling surrealdb v3.2.3
   Compiling sockudo-push v5.0.1 (/home/radud/Desktop/Code/Rust/sockudo/crates/sockudo-push)
error[E0061]: this function takes 5 arguments but 4 arguments were supplied
   --> crates/sockudo-push/src/nosql/tests/mod.rs:453:18
    |
453 |     let report = publishing::document_cleanup_publish_statuses(&store, "app-1", u64::MAX, 10)
    |                  ^^^^^^^^^^^^^^^^^^^^^^^^^^^^^^^^^^^^^^^^^^^^^------------------------------- argument #5 of type `bool` is missing
    |
note: function defined here
   --> crates/sockudo-push/src/nosql/publishing.rs:698:21
    |
698 | pub(super) async fn document_cleanup_publish_statuses<B>(
    |                     ^^^^^^^^^^^^^^^^^^^^^^^^^^^^^^^^^
...
703 |     preserve_lifecycle_evidence: bool,
    |     ---------------------------------
help: provide the argument
    |
453 |     let report = publishing::document_cleanup_publish_statuses(&store, "app-1", u64::MAX, 10, /* bool */)
    |                                                                                             ++++++++++++

error[E0061]: this function takes 5 arguments but 4 arguments were supplied
   --> crates/sockudo-push/src/nosql/tests/mod.rs:498:18
    |
498 |     let report = publishing::document_cleanup_publish_statuses(&store, "app-1", u64::MAX, 10)
    |                  ^^^^^^^^^^^^^^^^^^^^^^^^^^^^^^^^^^^^^^^^^^^^^------------------------------- argument #5 of type `bool` is missing
    |
note: function defined here
   --> crates/sockudo-push/src/nosql/publishing.rs:698:21
    |
698 | pub(super) async fn document_cleanup_publish_statuses<B>(
    |                     ^^^^^^^^^^^^^^^^^^^^^^^^^^^^^^^^^
...
703 |     preserve_lifecycle_evidence: bool,
    |     ---------------------------------
help: provide the argument
    |
498 |     let report = publishing::document_cleanup_publish_statuses(&store, "app-1", u64::MAX, 10, /* bool */)
    |                                                                                             ++++++++++++

For more information about this error, try `rustc --explain E0061`.
error: could not compile `sockudo-push` (lib test) due to 2 previous errors
