	Command being timed: "/home/radud/Desktop/Code/Rust/sockudo/audits/performance-2026-09-05/implementation/results/services/p5-sql-baseline-binary"
	User time (seconds): 0.20
	System time (seconds): 0.28
	Percent of CPU this job got: 14%
	Elapsed (wall clock) time (h:mm:ss or m:ss): 0:03.42
	Average shared text size (kbytes): 0
	Average unshared data size (kbytes): 0
	Average stack size (kbytes): 0
	Average total size (kbytes): 0
	Maximum resident set size (kbytes): 6400
	Average resident set size (kbytes): 0
	Major (requiring I/O) page faults: 1
	Minor (reclaiming a frame) page faults: 636
	Voluntary context switches: 77414
	Involuntary context switches: 1162
	Swaps: 0
	File system inputs: 7784
	File system outputs: 8
	Socket messages sent: 0
	Socket messages received: 0
	Signals delivered: 0
	Page size (bytes): 4096
	Exit status: 0
