
thread 'main' (326404) panicked at ../services-bench/src/feedback_sql.rs:16:130:
assertion `left == right` failed
  left: 56
 right: 64
note: run with `RUST_BACKTRACE=1` environment variable to display a backtrace
Command exited with non-zero status 101
	Command being timed: "/home/radud/Desktop/Code/Rust/sockudo/audits/performance-2026-09-05/implementation/results/services/p5-sql-baseline-binary"
	User time (seconds): 0.14
	System time (seconds): 0.16
	Percent of CPU this job got: 22%
	Elapsed (wall clock) time (h:mm:ss or m:ss): 0:01.42
	Average shared text size (kbytes): 0
	Average unshared data size (kbytes): 0
	Average stack size (kbytes): 0
	Average total size (kbytes): 0
	Maximum resident set size (kbytes): 5916
	Average resident set size (kbytes): 0
	Major (requiring I/O) page faults: 1
	Minor (reclaiming a frame) page faults: 620
	Voluntary context switches: 44469
	Involuntary context switches: 1151
	Swaps: 0
	File system inputs: 8072
	File system outputs: 16
	Socket messages sent: 0
	Socket messages received: 0
	Signals delivered: 0
	Page size (bytes): 4096
	Exit status: 101
