     Locking 42 packages to latest Rust 1.98.1 compatible versions
      Adding allocator-api2 v0.2.21
      Adding atoi v2.0.0
      Adding byteorder v1.5.0
      Adding crc v3.4.0
      Adding crc-catalog v2.5.0
      Adding crossbeam-queue v0.3.13
      Adding dotenvy v0.15.7
      Adding etcetera v0.11.0
      Adding flume v0.12.0
    Updating futures-core v0.3.33 -> v0.3.34
      Adding futures-executor v0.3.34
      Adding futures-intrusive v0.5.0
      Adding futures-io v0.3.34
    Updating futures-macro v0.3.33 -> v0.3.34
    Updating futures-sink v0.3.33 -> v0.3.34
    Updating futures-task v0.3.33 -> v0.3.34
    Updating futures-util v0.3.33 -> v0.3.34
      Adding hashlink v0.11.1
      Adding hkdf v0.13.0
    Updating js-sys v0.3.103 -> v0.3.104
      Adding libsqlite3-sys v0.37.0
      Adding md-5 v0.11.0
    Updating sha1 v0.10.7 -> v0.11.0
      Adding sha2 v0.10.9
      Adding spin v0.9.9
      Adding sqlx v0.9.0
      Adding sqlx-core v0.9.0
      Adding sqlx-macros v0.9.0
      Adding sqlx-macros-core v0.9.0
      Adding sqlx-mysql v0.9.0
      Adding sqlx-postgres v0.9.0
      Adding sqlx-sqlite v0.9.0
      Adding stringprep v0.1.5
      Adding tokio-stream v0.1.19
      Adding unicode-bidi v0.3.18
      Adding unicode-normalization v0.1.25
      Adding unicode-properties v0.1.4
    Updating wasm-bindgen v0.2.126 -> v0.2.127
    Updating wasm-bindgen-macro v0.2.126 -> v0.2.127
    Updating wasm-bindgen-macro-support v0.2.126 -> v0.2.127
    Updating wasm-bindgen-shared v0.2.126 -> v0.2.127
      Adding whoami v2.1.3
   Compiling proc-macro2 v1.0.107
   Compiling quote v1.0.47
   Compiling unicode-ident v1.0.24
   Compiling libc v0.2.189
   Compiling serde_core v1.0.229
   Compiling serde v1.0.229
   Compiling cfg-if v1.0.4
   Compiling find-msvc-tools v0.1.9
   Compiling shlex v2.0.1
   Compiling version_check v0.9.5
   Compiling icu_properties_data v2.2.0
   Compiling icu_normalizer_data v2.2.0
   Compiling typenum v1.20.1
   Compiling parking_lot_core v0.9.12
   Compiling stable_deref_trait v1.2.1
   Compiling zmij v1.0.23
   Compiling writeable v0.6.3
   Compiling litemap v0.8.2
   Compiling rustls v0.23.42
   Compiling serde_json v1.0.151
   Compiling cmov v0.5.4
   Compiling utf8_iter v1.0.4
   Compiling once_cell v1.21.4
   Compiling autocfg v1.5.1
   Compiling pin-project-lite v0.2.17
   Compiling crossbeam-utils v0.8.22
   Compiling getrandom v0.4.3
   Compiling zeroize v1.9.0
   Compiling futures-core v0.3.34
   Compiling scopeguard v1.2.0
   Compiling const-oid v0.10.2
   Compiling lock_api v0.4.14
   Compiling cpufeatures v0.3.0
   Compiling equivalent v1.0.2
   Compiling untrusted v0.9.0
   Compiling generic-array v0.14.7
   Compiling ctutils v0.4.2
   Compiling rustls-pki-types v1.15.1
   Compiling percent-encoding v2.3.2
   Compiling allocator-api2 v0.2.21
   Compiling memchr v2.8.3
   Compiling foldhash v0.2.0
   Compiling thiserror v2.0.19
   Compiling bytes v1.12.1
   Compiling futures-sink v0.3.34
   Compiling tracing-core v0.1.36
   Compiling num-traits v0.2.19
   Compiling form_urlencoded v1.2.2
   Compiling futures-io v0.3.34
   Compiling zerocopy v0.8.55
   Compiling getrandom v0.3.4
   Compiling log v0.4.33
   Compiling parking v2.2.1
   Compiling tinyvec_macros v0.1.1
   Compiling rand_core v0.10.1
   Compiling slab v0.4.12
   Compiling subtle v2.6.1
   Compiling futures-task v0.3.34
   Compiling hashbrown v0.17.1
   Compiling cpufeatures v0.2.17
   Compiling itoa v1.0.18
   Compiling hashbrown v0.16.1
   Compiling crc-catalog v2.5.0
   Compiling webpki-roots v1.0.9
   Compiling tinyvec v1.12.0
   Compiling base64 v0.22.1
   Compiling crc v3.4.0
   Compiling chacha20 v0.10.1
   Compiling futures-util v0.3.34
   Compiling concurrent-queue v2.5.0
   Compiling crossbeam-queue v0.3.13
   Compiling byteorder v1.5.0
   Compiling unicode-bidi v0.3.18
   Compiling pkg-config v0.3.33
   Compiling syn v2.0.119
   Compiling syn v3.0.3
   Compiling dotenvy v0.15.7
   Compiling event-listener v5.4.1
   Compiling unicode-normalization v0.1.25
   Compiling fs_extra v1.3.0
   Compiling dunce v1.0.5
   Compiling unicode-properties v0.1.4
   Compiling hybrid-array v0.4.13
   Compiling indexmap v2.14.0
   Compiling futures-channel v0.3.33
   Compiling hashlink v0.11.1
   Compiling whoami v2.1.3
   Compiling hex v0.4.3
   Compiling rustversion v1.0.23
   Compiling ahash v0.8.12
   Compiling heck v0.5.0
   Compiling stringprep v0.1.5
   Compiling ref-cast v1.0.26
   Compiling simdutf8 v0.1.5
   Compiling jobserver v0.1.35
   Compiling getrandom v0.2.17
   Compiling mio v1.2.2
   Compiling socket2 v0.6.5
   Compiling errno v0.3.14
   Compiling block-buffer v0.12.1
   Compiling crypto-common v0.2.2
   Compiling atoi v2.0.0
   Compiling signal-hook-registry v1.4.8
   Compiling cc v1.3.0
   Compiling block-buffer v0.10.4
   Compiling crypto-common v0.1.7
   Compiling digest v0.10.7
   Compiling rand_core v0.9.5
   Compiling aws-lc-rs v1.17.3
   Compiling rand v0.10.2
   Compiling sonic-simd v0.1.4
   Compiling tokio v1.53.1
   Compiling sonic-number v0.1.2
   Compiling sha2 v0.10.9
   Compiling untrusted v0.7.1
   Compiling bumpalo v3.20.3
   Compiling hashbrown v0.14.5
   Compiling httpdate v1.0.3
   Compiling rapidhash v4.5.1
   Compiling digest v0.11.3
   Compiling sha2 v0.11.0
   Compiling hmac v0.13.0
   Compiling md-5 v0.11.0
   Compiling sha1 v0.11.0
   Compiling metrics v0.24.6
   Compiling hkdf v0.13.0
   Compiling bitflags v2.13.1
   Compiling cmake v0.1.58
   Compiling ring v0.17.14
   Compiling aws-lc-sys v0.43.0
   Compiling serde_derive v1.0.229
   Compiling thiserror-impl v2.0.19
   Compiling futures-macro v0.3.34
   Compiling ref-cast-impl v1.0.26
   Compiling async-trait v0.1.91
   Compiling synstructure v0.13.2
   Compiling ppv-lite86 v0.2.21
   Compiling rand_chacha v0.9.0
   Compiling zerofrom-derive v0.1.7
   Compiling yoke-derive v0.8.2
   Compiling zerovec-derive v0.11.3
   Compiling displaydoc v0.2.6
   Compiling tracing-attributes v0.1.31
   Compiling tokio-macros v2.7.1
   Compiling rand v0.9.5
   Compiling rustls-webpki v0.103.13
   Compiling tokio-stream v0.1.19
   Compiling zerofrom v0.1.8
   Compiling yoke v0.8.3
   Compiling tracing v0.1.44
   Compiling zerovec v0.11.6
   Compiling zerotrie v0.2.4
   Compiling tinystr v0.8.3
   Compiling smallvec v1.15.2
   Compiling potential_utf v0.1.5
   Compiling either v1.16.0
   Compiling icu_collections v2.2.0
   Compiling faststr v0.2.34
   Compiling icu_locale_core v2.2.0
   Compiling sonic-rs v0.5.8
   Compiling parking_lot v0.12.5
   Compiling dashmap v6.2.1
   Compiling futures-intrusive v0.5.0
   Compiling icu_provider v2.2.0
   Compiling icu_properties v2.2.0
   Compiling icu_normalizer v2.2.0
   Compiling idna_adapter v1.2.2
   Compiling idna v1.1.0
   Compiling url v2.5.8
   Compiling sqlx-core v0.9.0
   Compiling sqlx-mysql v0.9.0
   Compiling sqlx-postgres v0.9.0
   Compiling sqlx-macros-core v0.9.0
   Compiling sqlx-macros v0.9.0
   Compiling sqlx v0.9.0
   Compiling sockudo-push v5.0.1 (/home/radud/Desktop/Code/Rust/sockudo/audits/performance-2026-09-05/implementation/baseline/crates/sockudo-push)
   Compiling feedback-sql-audit v0.0.0 (/home/radud/Desktop/Code/Rust/sockudo/audits/performance-2026-09-05/implementation/feedback-sql-bench-baseline)
    Finished `release` profile [optimized] target(s) in 50.92s
