   Compiling proc-macro2 v1.0.107
   Compiling unicode-ident v1.0.24
   Compiling quote v1.0.47
   Compiling libc v0.2.189
   Compiling cfg-if v1.0.4
   Compiling bytes v1.12.1
   Compiling smallvec v1.15.2
   Compiling once_cell v1.21.4
   Compiling pin-project-lite v0.2.17
   Compiling itoa v1.0.18
   Compiling parking_lot_core v0.9.12
   Compiling scopeguard v1.2.0
   Compiling log v0.4.33
   Compiling futures-core v0.3.33
   Compiling futures-sink v0.3.33
   Compiling autocfg v1.5.1
   Compiling find-msvc-tools v0.1.9
   Compiling shlex v2.0.1
   Compiling slab v0.4.12
   Compiling pkg-config v0.3.33
   Compiling futures-task v0.3.33
   Compiling fnv v1.0.7
   Compiling serde_core v1.0.229
   Compiling serde v1.0.229
   Compiling ryu v1.0.23
   Compiling typenum v1.20.1
   Compiling num-conv v0.2.2
   Compiling time-core v0.1.9
   Compiling equivalent v1.0.2
   Compiling deranged v0.5.8
   Compiling dunce v1.0.5
   Compiling fs_extra v1.3.0
   Compiling lock_api v0.4.14
   Compiling tracing-core v0.1.36
   Compiling powerfmt v0.2.0
   Compiling percent-encoding v2.3.2
   Compiling hashbrown v0.17.1
   Compiling crossbeam-utils v0.8.22
   Compiling zmij v1.0.23
   Compiling httparse v1.10.1
   Compiling aws-lc-rs v1.17.3
   Compiling version_check v0.9.5
   Compiling base64 v0.22.1
   Compiling stable_deref_trait v1.2.1
   Compiling untrusted v0.7.1
   Compiling tower-service v0.3.3
   Compiling getrandom v0.3.4
   Compiling futures-channel v0.3.33
   Compiling httpdate v1.0.3
   Compiling time-macros v0.2.32
   Compiling try-lock v0.2.5
   Compiling zerocopy v0.8.55
   Compiling memchr v2.8.3
   Compiling atomic-waker v1.1.2
   Compiling form_urlencoded v1.2.2
   Compiling num-traits v0.2.19
   Compiling openssl-probe v0.2.1
   Compiling cpufeatures v0.3.0
   Compiling untrusted v0.9.0
   Compiling rustversion v1.0.23
   Compiling want v0.3.1
   Compiling sync_wrapper v1.0.2
   Compiling either v1.16.0
   Compiling outref v0.5.2
   Compiling tower-layer v0.3.3
   Compiling rustls v0.23.42
   Compiling http v1.4.2
   Compiling http v0.2.12
   Compiling vsimd v0.8.0
   Compiling ipnet v2.12.0
   Compiling pin-utils v0.1.0
   Compiling getrandom v0.4.3
   Compiling thiserror v2.0.19
   Compiling subtle v2.6.1
   Compiling rand_core v0.10.1
   Compiling cmov v0.5.4
   Compiling anyhow v1.0.104
   Compiling litemap v0.8.2
   Compiling writeable v0.6.3
   Compiling bytes-utils v0.1.4
   Compiling generic-array v0.14.7
   Compiling const-oid v0.10.2
   Compiling serde_json v1.0.151
   Compiling chacha20 v0.10.1
   Compiling utf8_iter v1.0.4
   Compiling icu_normalizer_data v2.2.0
   Compiling icu_properties_data v2.2.0
   Compiling indexmap v2.14.0
   Compiling ctutils v0.4.2
   Compiling fastrand v2.5.0
   Compiling hex v0.4.3
   Compiling ahash v0.8.12
   Compiling cpufeatures v0.2.17
   Compiling simdutf8 v0.1.5
   Compiling syn v2.0.119
   Compiling syn v3.0.3
   Compiling ref-cast v1.0.26
   Compiling crc32fast v1.5.0
   Compiling itertools v0.14.0
   Compiling bitflags v2.13.1
   Compiling base64-simd v0.8.0
   Compiling concurrent-queue v2.5.0
   Compiling deunicode v1.6.2
   Compiling parking v2.2.1
   Compiling arc-swap v1.9.2
   Compiling aho-corasick v1.1.4
   Compiling sonic-number v0.1.2
   Compiling hybrid-array v0.4.13
   Compiling sonic-simd v0.1.4
   Compiling semver v1.0.28
   Compiling vcpkg v0.2.15
   Compiling data-encoding v2.11.0
   Compiling event-listener v5.4.1
   Compiling hashbrown v0.14.5
   Compiling slug v0.1.6
   Compiling bumpalo v3.20.3
   Compiling urlencoding v2.1.3
   Compiling mime v0.3.17
   Compiling crc16 v0.4.0
   Compiling matchit v0.8.4
   Compiling iana-time-zone v0.1.65
   Compiling mio v1.2.2
   Compiling errno v0.3.14
   Compiling socket2 v0.6.5
   Compiling jobserver v0.1.35
   Compiling http-body v1.1.0
   Compiling num-integer v0.1.46
   Compiling getrandom v0.2.17
   Compiling socket2 v0.5.10
   Compiling http-body v0.4.6
   Compiling signal-hook-registry v1.4.8
   Compiling time v0.3.54
   Compiling parking_lot v0.12.5
   Compiling http-body-util v0.1.4
   Compiling crypto-common v0.2.2
   Compiling cc v1.3.0
   Compiling block-buffer v0.12.1
   Compiling rand_core v0.9.5
   Compiling event-listener-strategy v0.5.4
   Compiling rustc_version v0.4.1
   Compiling rand v0.10.2
   Compiling num-bigint v0.4.8
   Compiling async-lock v3.4.2
   Compiling rmp v0.8.15
   Compiling block-buffer v0.10.4
   Compiling crypto-common v0.1.7
   Compiling ordered-float v2.10.1
   Compiling rustix v1.1.4
   Compiling winnow v0.7.15
   Compiling zlib-rs v0.6.6
   Compiling toml_write v0.1.2
   Compiling regex-syntax v0.8.11
   Compiling crossbeam-epoch v0.9.20
   Compiling digest v0.10.7
   Compiling chrono v0.4.45
   Compiling seize v0.5.1
   Compiling rapidhash v4.5.1
   Compiling dashmap v6.2.1
   Compiling aws-types v1.3.16
   Compiling backon v1.6.0
   Compiling pem v3.0.6
   Compiling sha1_smol v1.0.1
   Compiling linux-raw-sys v0.12.1
   Compiling signature v2.2.0
   Compiling xxhash-rust v0.8.18
   Compiling sha1 v0.10.7
   Compiling arcstr v1.2.0
   Compiling foldhash v0.1.5
   Compiling digest v0.11.3
   Compiling pointers v0.1.0
   Compiling metrics v0.24.6
   Compiling papaya v0.2.4
   Compiling foreign-types-shared v0.1.1
   Compiling hashbrown v0.15.5
   Compiling md5 v0.8.1
   Compiling openssl v0.10.81
   Compiling fixedbitset v0.5.7
   Compiling uuid v1.24.0
   Compiling foreign-types v0.3.2
   Compiling cmake v0.1.58
   Compiling sha2 v0.11.0
   Compiling hmac v0.13.0
   Compiling crossbeam-channel v0.5.16
   Compiling regex-lite v0.1.9
   Compiling native-tls v0.2.18
   Compiling heck v0.5.0
   Compiling multimap v0.10.1
   Compiling raw-cpuid v11.6.0
   Compiling nibble_vec v0.1.0
   Compiling foldhash v0.2.0
   Compiling endian-type v0.1.2
   Compiling portable-atomic v1.14.0
   Compiling serde_path_to_error v0.1.20
   Compiling serde_bytes v0.11.19
   Compiling rand_xoshiro v0.7.0
   Compiling ordered-float v5.3.0
   Compiling hashbrown v0.16.1
   Compiling radix_trie v0.2.1
   Compiling left-right v0.11.8
   Compiling metrics-exporter-prometheus v0.18.3
   Compiling hashbag v0.1.13
   Compiling sketches-ddsketch v0.3.1
   Compiling xmlparser v0.13.6
   Compiling tagptr v0.2.0
   Compiling evmap v11.0.0
   Compiling aws-lc-sys v0.43.0
   Compiling ring v0.17.14
   Compiling openssl-sys v0.9.117
   Compiling aws-smithy-xml v0.60.15
   Compiling regex-automata v0.4.16
   Compiling petgraph v0.8.3
   Compiling serde_derive v1.0.229
   Compiling thiserror-impl v2.0.19
   Compiling ref-cast-impl v1.0.26
   Compiling async-trait v0.1.91
   Compiling jmespath v0.5.0
   Compiling tempfile v3.27.0
   Compiling flate2 v1.1.9
   Compiling quanta v0.12.6
   Compiling synstructure v0.13.2
   Compiling ppv-lite86 v0.2.21
   Compiling simple_asn1 v0.6.4
   Compiling rand_chacha v0.9.0
   Compiling regex v1.13.1
   Compiling tracing-attributes v0.1.31
   Compiling tokio-macros v2.7.1
   Compiling futures-macro v0.3.33
   Compiling zeroize_derive v1.5.0
   Compiling zerofrom-derive v0.1.7
   Compiling yoke-derive v0.8.2
   Compiling zerovec-derive v0.11.3
   Compiling displaydoc v0.2.6
   Compiling aws-smithy-runtime-api-macros v1.0.0
   Compiling prost-derive v0.14.4
   Compiling openssl-macros v0.1.1
   Compiling rand v0.9.5
   Compiling zeroize v1.9.0
   Compiling rustls-pki-types v1.15.1
   Compiling futures-util v0.3.33
   Compiling zerofrom v0.1.8
   Compiling yoke v0.8.3
   Compiling tracing v0.1.44
   Compiling zerovec v0.11.6
   Compiling zerotrie v0.2.4
   Compiling tungstenite v0.29.0
   Compiling webpki-roots v1.0.9
   Compiling rustls-native-certs v0.8.4
   Compiling metrics-util v0.20.4
   Compiling tokio v1.53.1
   Compiling axum-core v0.5.6
   Compiling prost v0.14.4
   Compiling tinystr v0.8.3
   Compiling potential_utf v0.1.5
   Compiling faststr v0.2.34
   Compiling serde_urlencoded v0.7.1
   Compiling serde_spanned v0.6.9
   Compiling toml_datetime v0.6.11
   Compiling serde-value v0.7.0
   Compiling rmp-serde v1.3.1
   Compiling prost-types v0.14.4
   Compiling icu_collections v2.2.0
   Compiling icu_locale_core v2.2.0
   Compiling toml_edit v0.22.27
   Compiling sonic-rs v0.5.8
   Compiling serde-aux v4.7.0
   Compiling prost-build v0.14.4
   Compiling icu_provider v2.2.0
   Compiling moka v0.12.15
   Compiling icu_normalizer v2.2.0
   Compiling icu_properties v2.2.0
   Compiling metrics-exporter-tcp v0.11.2
   Compiling sockudo-protocol v5.0.1 (/home/radud/Desktop/Code/Rust/sockudo/audits/performance-2026-09-05/implementation/variants/s11/crates/sockudo-protocol)
   Compiling sockudo-filter v5.0.1 (/home/radud/Desktop/Code/Rust/sockudo/audits/performance-2026-09-05/implementation/variants/s11/crates/sockudo-filter)
   Compiling toml v0.8.23
   Compiling idna_adapter v1.2.2
   Compiling idna v1.1.0
   Compiling url v2.5.8
   Compiling tokio-util v0.7.19
   Compiling tower v0.5.3
   Compiling aws-smithy-async v1.2.14
   Compiling tokio-tungstenite v0.29.0
   Compiling crossfire v3.1.19
   Compiling tokio-native-tls v0.3.1
   Compiling tower-http v0.6.11
   Compiling h2 v0.4.16
   Compiling aws-smithy-types v1.5.0
   Compiling combine v4.6.7
   Compiling aws-smithy-runtime-api v1.12.3
   Compiling aws-smithy-eventstream v0.60.21
   Compiling aws-smithy-query v0.60.15
   Compiling aws-smithy-schema v0.1.0
   Compiling aws-credential-types v1.2.14
   Compiling aws-smithy-http v0.63.6
   Compiling aws-smithy-observability v0.2.6
   Compiling aws-sigv4 v1.4.5
   Compiling aws-smithy-json v0.62.7
   Compiling hyper v1.11.0
   Compiling hyper-util v0.1.20
   Compiling axum v0.8.9
   Compiling hyper-tls v0.6.0
   Compiling sockudo-ws v2.0.1
   Compiling rustls-webpki v0.103.13
   Compiling jsonwebtoken v11.0.0
   Compiling sockudo-push v5.0.1 (/home/radud/Desktop/Code/Rust/sockudo/audits/performance-2026-09-05/implementation/variants/s11/crates/sockudo-push)
   Compiling tokio-rustls v0.26.4
   Compiling hyper-rustls v0.27.9
   Compiling redis v1.4.1
   Compiling aws-smithy-http-client v1.1.13
   Compiling reqwest v0.12.28
   Compiling aws-smithy-runtime v1.11.3
   Compiling aws-runtime v1.7.5
   Compiling aws-sdk-sts v1.107.0
   Compiling aws-sdk-ssooidc v1.104.0
   Compiling aws-sdk-sso v1.102.0
   Compiling aws-sdk-lambda v1.131.0
   Compiling aws-config v1.8.18
   Compiling sockudo-core v5.0.1 (/home/radud/Desktop/Code/Rust/sockudo/audits/performance-2026-09-05/implementation/variants/s11/crates/sockudo-core)
   Compiling sockudo-metrics v5.0.1 (/home/radud/Desktop/Code/Rust/sockudo/audits/performance-2026-09-05/implementation/variants/s11/crates/sockudo-metrics)
   Compiling sockudo-app v5.0.1 (/home/radud/Desktop/Code/Rust/sockudo/audits/performance-2026-09-05/implementation/variants/s11/crates/sockudo-app)
   Compiling sockudo-queue v5.0.1 (/home/radud/Desktop/Code/Rust/sockudo/audits/performance-2026-09-05/implementation/variants/s11/crates/sockudo-queue)
   Compiling sockudo-cache v5.0.1 (/home/radud/Desktop/Code/Rust/sockudo/audits/performance-2026-09-05/implementation/variants/s11/crates/sockudo-cache)
   Compiling sockudo-rate-limiter v5.0.1 (/home/radud/Desktop/Code/Rust/sockudo/audits/performance-2026-09-05/implementation/variants/s11/crates/sockudo-rate-limiter)
   Compiling sockudo-webhook v5.0.1 (/home/radud/Desktop/Code/Rust/sockudo/audits/performance-2026-09-05/implementation/variants/s11/crates/sockudo-webhook)
   Compiling services-perf v0.0.0 (/home/radud/Desktop/Code/Rust/sockudo/audits/performance-2026-09-05/implementation/services-bench-s11)
    Finished `release` profile [optimized] target(s) in 1m 55s
