     Locking 96 packages to latest Rust 1.98.1 compatible versions
      Adding aes v0.8.4
      Adding amq-protocol v10.6.2
      Adding amq-protocol-tcp v10.6.2
      Adding amq-protocol-types v10.6.2
      Adding amq-protocol-uri v10.6.2
    Updating android_system_properties v0.1.5 -> v0.1.6
      Adding asn1-rs v0.7.2
      Adding asn1-rs-derive v0.6.0
      Adding asn1-rs-impl v0.2.0
      Adding async-channel v2.5.0
      Adding async-compat v0.2.5
      Adding async-executor v1.14.0
      Adding async-global-executor v3.1.0
      Adding async-rs v0.8.11
      Adding async-task v4.7.1
      Adding base64ct v1.8.3
      Adding block-padding v0.3.3
      Adding blocking v1.7.0
      Adding cbc v0.1.2
      Adding cipher v0.4.4
      Adding cms v0.2.3
      Adding const-oid v0.9.6
      Adding cookie-factory v0.3.3
      Adding core-foundation v0.9.4
      Adding critical-section v1.2.0
      Adding der v0.7.10
      Adding der-parser v10.0.0
      Adding der_derive v0.7.3
      Adding des v0.8.1
      Adding flagset v0.4.7
      Adding flume v0.12.0
      Adding futures-io v0.3.34
      Adding futures-lite v2.6.1
      Adding futures-rustls v0.26.0
      Adding hickory-net v0.26.1
      Adding hickory-proto v0.26.1
      Adding hickory-resolver v0.26.1
      Adding hmac v0.12.1
      Adding inout v0.1.4
      Adding ipconfig v0.3.4
      Adding jni v0.22.4
      Adding jni-macros v0.22.4
      Adding jni-sys v0.4.1
      Adding jni-sys-macros v0.4.1
    Updating js-sys v0.3.103 -> v0.3.104
      Adding lapin v4.10.0
      Adding libz-sys v1.1.29
      Adding minimal-lexical v0.2.1
      Adding ndk-context v0.1.1
      Adding nom v7.1.3
      Adding nom v8.0.0
      Adding num_enum v0.7.6
      Adding num_enum_derive v0.7.6
      Adding oid-registry v0.8.1
      Adding p12-keystore v0.2.1
      Adding pbkdf2 v0.12.2
      Adding pem-rfc7468 v0.7.0
      Adding piper v0.2.5
      Adding pkcs12 v0.1.0
      Adding pkcs5 v0.7.1
      Adding prefix-trie v0.8.4
      Adding proc-macro-crate v3.5.0
      Adding rc2 v0.8.1
      Adding rdkafka v0.39.0
      Adding rdkafka-sys v4.10.0+2.12.1
      Adding resolv-conf v0.7.6
      Adding rusticata-macros v4.1.0
      Adding rustls-connector v0.23.6
      Adding rustls-platform-verifier v0.7.0
      Adding rustls-platform-verifier-android v0.1.1
      Adding salsa20 v0.10.2
      Adding same-file v1.0.6
      Adding scrypt v0.11.0
      Adding sha2 v0.10.9
      Adding simd_cesu8 v1.2.0
      Adding spin v0.9.9
      Adding spki v0.7.3
      Adding system-configuration v0.7.0
      Adding system-configuration-sys v0.6.0
      Adding tcp-stream v0.34.14
      Adding tokio-stream v0.1.19
      Adding toml_datetime v1.1.1+spec-1.1.0
      Adding toml_edit v0.25.13+spec-1.1.0
      Adding toml_parser v1.1.3+spec-1.1.0
      Adding walkdir v2.5.0
    Updating wasm-bindgen v0.2.126 -> v0.2.127
    Updating wasm-bindgen-macro v0.2.126 -> v0.2.127
    Updating wasm-bindgen-macro-support v0.2.126 -> v0.2.127
    Updating wasm-bindgen-shared v0.2.126 -> v0.2.127
      Adding webpki-root-certs v1.0.9
      Adding widestring v1.2.1
      Adding winapi-util v0.1.11
      Adding windows-registry v0.6.1
      Adding winnow v1.0.4
      Adding x509-cert v0.2.5
      Adding x509-parser v0.18.1
   Compiling sockudo-filter v5.0.1 (/home/radud/Desktop/Code/Rust/sockudo/audits/performance-2026-09-05/implementation/variants/s9/crates/sockudo-filter)
   Compiling sockudo-protocol v5.0.1 (/home/radud/Desktop/Code/Rust/sockudo/audits/performance-2026-09-05/implementation/variants/s9/crates/sockudo-protocol)
   Compiling sockudo-core v5.0.1 (/home/radud/Desktop/Code/Rust/sockudo/audits/performance-2026-09-05/implementation/variants/s9/crates/sockudo-core)
   Compiling sockudo-queue v5.0.1 (/home/radud/Desktop/Code/Rust/sockudo/audits/performance-2026-09-05/implementation/variants/s9/crates/sockudo-queue)
   Compiling services-brokers v0.0.0 (/home/radud/Desktop/Code/Rust/sockudo/audits/performance-2026-09-05/implementation/broker-bench-s9)
warning: unused import: `async_trait::async_trait`
 --> ../services-bench/src/brokers.rs:1:5
  |
1 | use async_trait::async_trait;
  |     ^^^^^^^^^^^^^^^^^^^^^^^^
  |
  = note: `#[warn(unused_imports)]` (part of `#[warn(unused)]`) on by default

warning: `services-brokers` (bin "services-brokers") generated 1 warning (run `cargo fix --bin "services-brokers" -p services-brokers` to apply 1 suggestion)
    Finished `release` profile [optimized] target(s) in 53.10s
