    Checking log v0.4.33
    Checking crypto-common v0.1.7
    Checking digest v0.10.7
    Checking tracing v0.1.44
    Checking rustls v0.23.42
    Checking tokio v1.53.1
    Checking sha1 v0.10.7
    Checking rustls-platform-verifier v0.7.0
    Checking block-padding v0.3.3
    Checking inout v0.1.4
    Checking cipher v0.4.4
    Checking tungstenite v0.29.0
    Checking sha2 v0.10.9
    Checking axum-core v0.5.6
    Checking tokio-util v0.7.19
    Checking tokio-rustls v0.26.4
    Checking h2 v0.4.16
    Checking tower v0.5.3
    Checking aws-smithy-types v1.5.0
    Checking aws-smithy-async v1.2.14
    Checking aws-smithy-runtime-api v1.12.3
    Checking tokio-stream v0.1.19
    Checking tokio-tungstenite v0.29.0
    Checking hyper v1.11.0
    Checking tower-http v0.6.11
    Checking aws-smithy-eventstream v0.60.21
    Checking aws-smithy-schema v0.1.0
    Checking signature v2.2.0
    Checking aws-smithy-http v0.63.6
    Checking hyper-util v0.1.20
    Checking aws-credential-types v1.2.14
    Checking aws-smithy-observability v0.2.6
    Checking aws-types v1.3.16
    Checking aws-sigv4 v1.4.5
    Checking hmac v0.12.1
    Checking hyper-rustls v0.27.9
    Checking axum v0.8.9
    Checking aws-smithy-http-client v1.1.13
    Checking reqwest v0.13.4
    Checking aws-smithy-runtime v1.11.3
    Checking pbkdf2 v0.12.2
    Checking hyper-timeout v0.5.2
    Checking aws-runtime v1.7.5
    Checking aws-smithy-json v0.62.7
    Checking salsa20 v0.10.2
    Checking futures-rustls v0.26.0
    Checking scrypt v0.11.0
    Checking tonic v0.14.6
    Checking aes v0.8.4
    Checking compio-log v0.1.0
    Checking compio-driver v0.11.4
    Checking geo v0.32.0
    Checking tonic-prost v0.14.6
    Checking tungstenite v0.28.0
    Checking compio-runtime v0.11.0
    Checking combine v4.6.7
    Checking cbc v0.1.2
   Compiling sqlx-core v0.9.0
    Checking redis v1.4.1
    Checking quinn-proto v0.11.16
    Checking crossfire v3.1.19
    Checking sockudo-protocol v5.0.1 (/home/radud/Desktop/Code/Rust/sockudo/crates/sockudo-protocol)
    Checking pkcs5 v0.7.1
    Checking sockudo-filter v5.0.1 (/home/radud/Desktop/Code/Rust/sockudo/crates/sockudo-filter)
    Checking pkcs12 v0.1.0
    Checking native-tls v0.2.18
    Checking sockudo-ws v2.0.1
    Checking compio-net v0.11.1
    Checking jsonwebtoken v11.0.0
    Checking aws-smithy-query v0.60.15
    Checking async-compat v0.2.5
    Checking rc2 v0.8.1
    Checking des v0.8.1
    Checking opentelemetry v0.32.0
    Checking universal-hash v0.5.1
    Checking sockudo-core v5.0.1 (/home/radud/Desktop/Code/Rust/sockudo/crates/sockudo-core)
    Checking polyval v0.6.2
    Checking revision v0.30.0
    Checking p12-keystore v0.2.1
    Checking async-rs v0.8.11
    Checking tracing-subscriber v0.3.23
    Checking markup5ever v0.39.0
    Checking google-cloud-gax v1.13.0
    Checking tokio-native-tls v0.3.1
    Checking compio-tls v0.9.1
    Checking rustls-connector v0.23.6
   Compiling sqlx-postgres v0.9.0
    Checking curve25519-dalek v4.1.3
    Checking compio-fs v0.11.0
    Checking surrealdb-protocol v0.10.2
    Checking tcp-stream v0.34.14
   Compiling sqlx-mysql v0.9.0
    Checking compio-ws v0.3.1
    Checking google-cloud-auth v1.15.0
    Checking html5ever v0.39.0
    Checking tracing-opentelemetry v0.33.0
    Checking compio-quic v0.7.2
    Checking ghash v0.5.1
    Checking opentelemetry_sdk v0.32.1
    Checking aws-sdk-sts v1.107.0
    Checking aws-sdk-ssooidc v1.104.0
    Checking aws-sdk-sso v1.102.0
    Checking reqwest-middleware v0.5.2
    Checking ed25519 v2.2.3
    Checking async-scoped v0.9.0
    Checking blowfish v0.9.1
    Checking ctr v0.9.2
    Checking blake2 v0.10.6
    Checking aead v0.5.2
    Checking ammonia v4.1.4
    Checking argon2 v0.5.3
    Checking google-cloud-gax-internal v0.7.16
    Checking err_trail v0.11.1
    Checking aes-gcm v0.10.3
    Checking headers v0.4.1
    Checking surrealdb-types v3.2.3
    Checking aws-config v1.8.18
    Checking bcrypt v0.18.0
    Checking async-dropper-simple v0.2.6
    Checking ed25519-dalek v2.2.0
    Checking signatory v0.27.1
    Checking compio v0.18.0
    Checking amq-protocol-tcp v10.6.2
    Checking diskann v0.54.0
   Compiling sqlx-macros-core v0.9.0
    Checking quinn-udp v0.5.15
    Checking object_store v0.13.2
    Checking surrealdb-collections v3.2.3
    Checking surrealdb-strand v3.2.3
    Checking jsonwebtoken v10.4.0
    Checking md-5 v0.10.6
    Checking sysinfo v0.37.2
    Checking iggy_common v0.10.0
    Checking surrealdb-core v3.2.3
    Checking reqwest-retry v0.9.1
    Checking async-dropper v0.3.1
    Checking google-cloud-iam-v1 v1.11.0
    Checking scylla-cql v1.7.0
   Compiling sqlx-macros v0.9.0
    Checking quinn v0.11.11
    Checking metrics-exporter-tcp v0.11.2
    Checking amq-protocol v10.6.2
    Checking nkeys v0.4.5
    Checking reqwest-tracing v0.7.1
    Checking hyper-tls v0.6.0
    Checking tokio-tungstenite v0.28.0
    Checking tokio-websockets v0.10.1
    Checking tryhard v0.5.2
    Checking pulsar v6.8.0
    Checking async-nats v0.47.0
    Checking iggy v0.10.0
    Checking scylla v1.7.0
    Checking reqwest v0.12.28
    Checking sockudo-metrics v5.0.1 (/home/radud/Desktop/Code/Rust/sockudo/crates/sockudo-metrics)
    Checking lapin v4.10.0
    Checking sqlx v0.9.0
    Checking rdkafka v0.39.0
    Checking google-cloud-pubsub v1.3.0
    Checking aws-sdk-sns v1.104.0
    Checking aws-sdk-dynamodb v1.116.0
    Checking aws-sdk-sqs v1.102.0
    Checking aws-sdk-lambda v1.131.0
    Checking sockudo-webhook v5.0.1 (/home/radud/Desktop/Code/Rust/sockudo/crates/sockudo-webhook)
error[E0277]: the trait bound `SerializedSize: WriteExt` is not satisfied
    --> crates/sockudo-webhook/src/integration.rs:272:38
     |
 272 |             sonic_rs::to_writer(&mut size, &job_data)?;
     |             -------------------      ^^^^ unsatisfied trait bound
     |             |
     |             required by a bound introduced by this call
     |
help: the trait `WriteExt` is not implemented for `SerializedSize`
    --> crates/sockudo-webhook/src/integration.rs:30:1
     |
  30 | struct SerializedSize(usize);
     | ^^^^^^^^^^^^^^^^^^^^^
     = help: the following other types implement trait `WriteExt`:
               &mut W
               Box<W>
               BufferedWriter<W>
               Vec<u8>
               bytes::buf::writer::Writer<&mut bytes::bytes_mut::BytesMut>
               bytes::buf::writer::Writer<bytes::bytes_mut::BytesMut>
               std::io::BufWriter<W>
     = note: required for `&mut SerializedSize` to implement `WriteExt`
note: required by a bound in `to_writer`
    --> /home/radud/.cargo/registry/src/index.crates.io-1949cf8c6b5b557f/sonic-rs-0.5.8/src/serde/ser.rs:1414:8
     |
1412 | pub fn to_writer<W, T>(writer: W, value: &T) -> Result<()>
     |        --------- required by a bound in this function
1413 | where
1414 |     W: WriteExt,
     |        ^^^^^^^^ required by this bound in `to_writer`

error[E0063]: missing fields `body_semaphore` and `request_semaphore` in initializer of `WebhookSender`
   --> crates/sockudo-webhook/src/sender.rs:368:9
    |
368 |         Self {
    |         ^^^^ missing `body_semaphore` and `request_semaphore`

Some errors have detailed explanations: E0063, E0277.
For more information about an error, try `rustc --explain E0063`.
error: could not compile `sockudo-webhook` (lib) due to 2 previous errors
warning: build failed, waiting for other jobs to finish...
