	Command being timed: "audits/performance-2026-09-05/implementation/results/services/services-s1-s4"
	User time (seconds): 0.12
	System time (seconds): 0.05
	Percent of CPU this job got: 8%
	Elapsed (wall clock) time (h:mm:ss or m:ss): 0:01.97
	Average shared text size (kbytes): 0
	Average unshared data size (kbytes): 0
	Average stack size (kbytes): 0
	Average total size (kbytes): 0
	Maximum resident set size (kbytes): 49716
	Average resident set size (kbytes): 0
	Major (requiring I/O) page faults: 1
	Minor (reclaiming a frame) page faults: 43516
	Voluntary context switches: 108
	Involuntary context switches: 43
	Swaps: 0
	File system inputs: 3096
	File system outputs: 16
	Socket messages sent: 0
	Socket messages received: 0
	Signals delivered: 0
	Page size (bytes): 4096
	Exit status: 0
