	Command being timed: "/home/radud/Desktop/Code/Rust/sockudo/audits/performance-2026-09-05/implementation/target-core-bench-c12/release/sockudo-core-audit-bench"
	User time (seconds): 1.31
	System time (seconds): 0.00
	Percent of CPU this job got: 671%
	Elapsed (wall clock) time (h:mm:ss or m:ss): 0:00.19
	Average shared text size (kbytes): 0
	Average unshared data size (kbytes): 0
	Average stack size (kbytes): 0
	Average total size (kbytes): 0
	Maximum resident set size (kbytes): 3032
	Average resident set size (kbytes): 0
	Major (requiring I/O) page faults: 0
	Minor (reclaiming a frame) page faults: 237
	Voluntary context switches: 371
	Involuntary context switches: 252
	Swaps: 0
	File system inputs: 0
	File system outputs: 8
	Socket messages sent: 0
	Socket messages received: 0
	Signals delivered: 0
	Page size (bytes): 4096
	Exit status: 0
