snapshot_storage appends=128 fragment_bytes=64 retained_versions=129 latest_bytes=8192 summed_data_bytes=528384
snapshot_storage appends=512 fragment_bytes=64 retained_versions=513 latest_bytes=32768 summed_data_bytes=8404992
snapshot_storage appends=2000 fragment_bytes=64 retained_versions=2001 latest_bytes=128000 summed_data_bytes=128064000
	Command being timed: "audits/performance-2026-09-05/implementation/baseline-binaries/state_stores"
	User time (seconds): 12.84
	System time (seconds): 0.07
	Percent of CPU this job got: 99%
	Elapsed (wall clock) time (h:mm:ss or m:ss): 0:12.97
	Average shared text size (kbytes): 0
	Average unshared data size (kbytes): 0
	Average stack size (kbytes): 0
	Average total size (kbytes): 0
	Maximum resident set size (kbytes): 163872
	Average resident set size (kbytes): 0
	Major (requiring I/O) page faults: 1
	Minor (reclaiming a frame) page faults: 50526
	Voluntary context switches: 2
	Involuntary context switches: 149
	Swaps: 0
	File system inputs: 1584
	File system outputs: 16
	Socket messages sent: 0
	Socket messages received: 0
	Signals delivered: 0
	Page size (bytes): 4096
	Exit status: 0
