snapshot page 36 entries in 652.754µs
snapshot page 38 entries in 323.261µs
snapshot page 44 entries in 265.161µs
snapshot page 46 entries in 233.28µs
snapshot page 37 entries in 240.465µs
snapshot page 41 entries in 214.034µs
snapshot page 57 entries in 206.444224ms
snapshot page 49 entries in 297.132µs
snapshot page 53 entries in 232.579µs
snapshot page 34 entries in 212.321µs
snapshot page 42 entries in 194.187µs
snapshot page 44 entries in 222.37µs
snapshot page 41 entries in 193.956µs
revocation probe refresh timed out: deadline has elapsed
revocation probe unavailable: unavailable

thread 'main' (404086) panicked at src/main.rs:60:5:
assertion failed: !revoked
note: run with `RUST_BACKTRACE=1` environment variable to display a backtrace
revocation probe unavailable: unavailable

thread 'main' (404086) panicked at src/main.rs:60:5:
assertion failed: !revoked
revocation probe unavailable: unavailable

thread 'main' (404086) panicked at src/main.rs:60:5:
assertion failed: !revoked
revocation probe unavailable: unavailable

thread 'main' (404086) panicked at src/main.rs:60:5:
assertion failed: !revoked
revocation probe unavailable: unavailable

thread 'main' (404086) panicked at src/main.rs:60:5:
assertion failed: !revoked
revocation probe unavailable: unavailable

thread 'main' (404086) panicked at src/main.rs:60:5:
assertion failed: !revoked
revocation probe unavailable: unavailable

thread 'main' (404086) panicked at src/main.rs:60:5:
assertion failed: !revoked
revocation probe unavailable: unavailable

thread 'main' (404086) panicked at src/main.rs:60:5:
assertion failed: !revoked
revocation probe unavailable: unavailable

thread 'main' (404086) panicked at src/main.rs:60:5:
assertion failed: !revoked
revocation probe unavailable: unavailable

thread 'main' (404086) panicked at src/main.rs:60:5:
assertion failed: !revoked
revocation probe unavailable: unavailable

thread 'main' (404086) panicked at src/main.rs:60:5:
assertion failed: !revoked
revocation probe unavailable: unavailable

thread 'main' (404086) panicked at src/main.rs:60:5:
assertion failed: !revoked
revocation probe unavailable: unavailable

thread 'main' (404086) panicked at src/main.rs:60:5:
assertion failed: !revoked
revocation probe unavailable: unavailable

thread 'main' (404086) panicked at src/main.rs:60:5:
assertion failed: !revoked
revocation probe unavailable: unavailable

thread 'main' (404086) panicked at src/main.rs:60:5:
assertion failed: !revoked
revocation probe unavailable: unavailable

thread 'main' (404086) panicked at src/main.rs:60:5:
assertion failed: !revoked
revocation probe unavailable: unavailable

thread 'main' (404086) panicked at src/main.rs:60:5:
assertion failed: !revoked
revocation probe unavailable: unavailable

thread 'main' (404086) panicked at src/main.rs:60:5:
assertion failed: !revoked
revocation probe unavailable: unavailable

thread 'main' (404086) panicked at src/main.rs:60:5:
assertion failed: !revoked
revocation probe unavailable: unavailable

thread 'main' (404086) panicked at src/main.rs:60:5:
assertion failed: !revoked
revocation probe unavailable: unavailable

thread 'main' (404086) panicked at src/main.rs:60:5:
assertion failed: !revoked
revocation probe unavailable: unavailable

thread 'main' (404086) panicked at src/main.rs:60:5:
assertion failed: !revoked
revocation probe unavailable: unavailable

thread 'main' (404086) panicked at src/main.rs:60:5:
assertion failed: !revoked
revocation probe unavailable: unavailable

thread 'main' (404086) panicked at src/main.rs:60:5:
assertion failed: !revoked
revocation probe unavailable: unavailable

thread 'main' (404086) panicked at src/main.rs:60:5:
assertion failed: !revoked
revocation probe unavailable: unavailable

thread 'main' (404086) panicked at src/main.rs:60:5:
assertion failed: !revoked
revocation probe unavailable: unavailable

thread 'main' (404086) panicked at src/main.rs:60:5:
assertion failed: !revoked
revocation probe unavailable: unavailable

thread 'main' (404086) panicked at src/main.rs:60:5:
assertion failed: !revoked
revocation probe unavailable: unavailable

thread 'main' (404086) panicked at src/main.rs:60:5:
assertion failed: !revoked
revocation probe unavailable: unavailable

thread 'main' (404086) panicked at src/main.rs:60:5:
assertion failed: !revoked
revocation probe unavailable: unavailable

thread 'main' (404086) panicked at src/main.rs:60:5:
assertion failed: !revoked
revocation probe unavailable: unavailable

thread 'main' (404086) panicked at src/main.rs:60:5:
assertion failed: !revoked
revocation probe unavailable: unavailable

thread 'main' (404086) panicked at src/main.rs:60:5:
assertion failed: !revoked
revocation probe unavailable: unavailable

thread 'main' (404086) panicked at src/main.rs:60:5:
assertion failed: !revoked
revocation probe unavailable: unavailable

thread 'main' (404086) panicked at src/main.rs:60:5:
assertion failed: !revoked
revocation probe unavailable: unavailable

thread 'main' (404086) panicked at src/main.rs:60:5:
assertion failed: !revoked
revocation probe unavailable: unavailable

thread 'main' (404086) panicked at src/main.rs:60:5:
assertion failed: !revoked
revocation probe unavailable: unavailable

thread 'main' (404086) panicked at src/main.rs:60:5:
assertion failed: !revoked
revocation probe unavailable: unavailable

thread 'main' (404086) panicked at src/main.rs:60:5:
assertion failed: !revoked
revocation probe unavailable: unavailable

thread 'main' (404086) panicked at src/main.rs:60:5:
assertion failed: !revoked
revocation probe unavailable: unavailable

thread 'main' (404086) panicked at src/main.rs:60:5:
assertion failed: !revoked
revocation probe unavailable: unavailable

thread 'main' (404086) panicked at src/main.rs:60:5:
assertion failed: !revoked
revocation probe unavailable: unavailable

thread 'main' (404086) panicked at src/main.rs:60:5:
assertion failed: !revoked
revocation probe unavailable: unavailable

thread 'main' (404086) panicked at src/main.rs:60:5:
assertion failed: !revoked
revocation probe unavailable: unavailable

thread 'main' (404086) panicked at src/main.rs:60:5:
assertion failed: !revoked
revocation probe unavailable: unavailable

thread 'main' (404086) panicked at src/main.rs:60:5:
assertion failed: !revoked
revocation probe unavailable: unavailable

thread 'main' (404086) panicked at src/main.rs:60:5:
assertion failed: !revoked
revocation probe unavailable: unavailable

thread 'main' (404086) panicked at src/main.rs:60:5:
assertion failed: !revoked
revocation probe unavailable: unavailable

thread 'main' (404086) panicked at src/main.rs:60:5:
assertion failed: !revoked
revocation probe unavailable: unavailable

thread 'main' (404086) panicked at src/main.rs:60:5:
assertion failed: !revoked
revocation probe unavailable: unavailable

thread 'main' (404086) panicked at src/main.rs:60:5:
assertion failed: !revoked
revocation probe unavailable: unavailable

thread 'main' (404086) panicked at src/main.rs:60:5:
assertion failed: !revoked
revocation probe unavailable: unavailable

thread 'main' (404086) panicked at src/main.rs:60:5:
assertion failed: !revoked
revocation probe unavailable: unavailable

thread 'main' (404086) panicked at src/main.rs:60:5:
assertion failed: !revoked
revocation probe unavailable: unavailable

thread 'main' (404086) panicked at src/main.rs:60:5:
assertion failed: !revoked
revocation probe unavailable: unavailable

thread 'main' (404086) panicked at src/main.rs:60:5:
assertion failed: !revoked
revocation probe unavailable: unavailable

thread 'main' (404086) panicked at src/main.rs:60:5:
assertion failed: !revoked
revocation probe unavailable: unavailable

thread 'main' (404086) panicked at src/main.rs:60:5:
assertion failed: !revoked
revocation probe unavailable: unavailable

thread 'main' (404086) panicked at src/main.rs:60:5:
assertion failed: !revoked
revocation probe unavailable: unavailable

thread 'main' (404086) panicked at src/main.rs:60:5:
assertion failed: !revoked
revocation probe unavailable: unavailable

thread 'main' (404086) panicked at src/main.rs:60:5:
assertion failed: !revoked

thread 'main' (404086) panicked at src/main.rs:62:95:
called `Result::unwrap()` on an `Err` value: JoinError::Panic(Id(6), "assertion failed: !revoked", ...)
