   Compiling ably-stats-audit-baseline v0.0.0 (/home/radud/Desktop/Code/Rust/sockudo/audits/performance-2026-09-05/implementation/ably-stats-bench-baseline)
    Finished `release` profile [optimized] target(s) in 2.55s
     Locking 45 packages to latest Rust 1.98.1 compatible versions
      Adding arc-swap v1.9.2
      Adding arcstr v1.2.0
      Adding async-lock v3.4.2
      Adding backon v1.6.0
      Adding combine v4.6.8
      Adding displaydoc v0.2.7
      Adding event-listener v5.4.2
      Adding event-listener-strategy v0.5.4
      Adding fastrand v2.5.0
      Adding form_urlencoded v1.2.2
      Adding futures-channel v0.3.34
      Adding futures-sink v0.3.34
      Adding icu_collections v2.3.0
      Adding icu_locale_core v2.3.0
      Adding icu_normalizer v2.3.0
      Adding icu_normalizer_data v2.3.0
      Adding icu_properties v2.3.0
      Adding icu_properties_data v2.3.0
      Adding icu_provider v2.3.1
      Adding idna v1.1.0
      Adding idna_adapter v1.2.2
      Adding litemap v0.8.3
      Adding num-bigint v0.4.8
      Adding num-integer v0.1.47
      Adding parking v2.2.1
      Adding percent-encoding v2.3.2
      Adding potential_utf v0.1.6
      Adding redis v1.4.1
      Adding ryu v1.0.23
      Adding sha1_smol v1.0.1
      Adding stable_deref_trait v1.2.1
      Adding synstructure v0.13.2
      Adding tinystr v0.8.4
      Adding tokio-util v0.7.19
      Adding url v2.5.8
      Adding utf8_iter v1.0.4
      Adding writeable v0.6.4
      Adding xxhash-rust v0.8.18
      Adding yoke v0.8.3
      Adding yoke-derive v0.8.2
      Adding zerofrom v0.1.8
      Adding zerofrom-derive v0.1.7
      Adding zerotrie v0.2.5
      Adding zerovec v0.11.8
      Adding zerovec-derive v0.11.6
   Compiling ably-stats-audit-a2 v0.0.0 (/home/radud/Desktop/Code/Rust/sockudo/audits/performance-2026-09-05/implementation/ably-stats-bench-a2)
    Finished `release` profile [optimized] target(s) in 2.48s
     Locking 45 packages to latest Rust 1.98.1 compatible versions
      Adding arc-swap v1.9.2
      Adding arcstr v1.2.0
      Adding async-lock v3.4.2
      Adding backon v1.6.0
      Adding combine v4.6.8
      Adding displaydoc v0.2.7
      Adding event-listener v5.4.2
      Adding event-listener-strategy v0.5.4
      Adding fastrand v2.5.0
      Adding form_urlencoded v1.2.2
      Adding futures-channel v0.3.34
      Adding futures-sink v0.3.34
      Adding icu_collections v2.3.0
      Adding icu_locale_core v2.3.0
      Adding icu_normalizer v2.3.0
      Adding icu_normalizer_data v2.3.0
      Adding icu_properties v2.3.0
      Adding icu_properties_data v2.3.0
      Adding icu_provider v2.3.1
      Adding idna v1.1.0
      Adding idna_adapter v1.2.2
      Adding litemap v0.8.3
      Adding num-bigint v0.4.8
      Adding num-integer v0.1.47
      Adding parking v2.2.1
      Adding percent-encoding v2.3.2
      Adding potential_utf v0.1.6
      Adding redis v1.4.1
      Adding ryu v1.0.23
      Adding sha1_smol v1.0.1
      Adding stable_deref_trait v1.2.1
      Adding synstructure v0.13.2
      Adding tinystr v0.8.4
      Adding tokio-util v0.7.19
      Adding url v2.5.8
      Adding utf8_iter v1.0.4
      Adding writeable v0.6.4
      Adding xxhash-rust v0.8.18
      Adding yoke v0.8.3
      Adding yoke-derive v0.8.2
      Adding zerofrom v0.1.8
      Adding zerofrom-derive v0.1.7
      Adding zerotrie v0.2.5
      Adding zerovec v0.11.8
      Adding zerovec-derive v0.11.6
   Compiling ably-stats-audit-a3 v0.0.0 (/home/radud/Desktop/Code/Rust/sockudo/audits/performance-2026-09-05/implementation/ably-stats-bench-a3)
    Finished `release` profile [optimized] target(s) in 2.24s
