    Updating crates.io index
warning: spurious network error (3 tries remaining): [6] Could not resolve hostname (Could not resolve host: index.crates.io)
warning: spurious network error (2 tries remaining): [6] Could not resolve hostname (Could not resolve host: index.crates.io)
warning: spurious network error (1 try remaining): [6] Could not resolve hostname (Could not resolve host: index.crates.io)
warning: spurious network error (3 tries remaining): [6] Could not resolve hostname (Could not resolve host: index.crates.io)
warning: spurious network error (3 tries remaining): [6] Could not resolve hostname (Could not resolve host: index.crates.io)
warning: spurious network error (3 tries remaining): [6] Could not resolve hostname (Could not resolve host: index.crates.io)
warning: spurious network error (3 tries remaining): [6] Could not resolve hostname (Could not resolve host: index.crates.io)
warning: spurious network error (3 tries remaining): [6] Could not resolve hostname (Could not resolve host: index.crates.io)
warning: spurious network error (3 tries remaining): [6] Could not resolve hostname (Could not resolve host: index.crates.io)
warning: spurious network error (3 tries remaining): [6] Could not resolve hostname (Could not resolve host: index.crates.io)
warning: spurious network error (3 tries remaining): [6] Could not resolve hostname (Could not resolve host: index.crates.io)
warning: spurious network error (3 tries remaining): [6] Could not resolve hostname (Could not resolve host: index.crates.io)
warning: spurious network error (3 tries remaining): [6] Could not resolve hostname (Could not resolve host: index.crates.io)
warning: spurious network error (3 tries remaining): [6] Could not resolve hostname (Could not resolve host: index.crates.io)
warning: spurious network error (3 tries remaining): [6] Could not resolve hostname (Could not resolve host: index.crates.io)
warning: spurious network error (3 tries remaining): [6] Could not resolve hostname (Could not resolve host: index.crates.io)
warning: spurious network error (3 tries remaining): [6] Could not resolve hostname (Could not resolve host: index.crates.io)
warning: spurious network error (3 tries remaining): [6] Could not resolve hostname (Could not resolve host: index.crates.io)
warning: spurious network error (3 tries remaining): [6] Could not resolve hostname (Could not resolve host: index.crates.io)
warning: spurious network error (3 tries remaining): [6] Could not resolve hostname (Could not resolve host: index.crates.io)
warning: spurious network error (3 tries remaining): [6] Could not resolve hostname (Could not resolve host: index.crates.io)
warning: spurious network error (2 tries remaining): [6] Could not resolve hostname (Could not resolve host: index.crates.io)
warning: spurious network error (2 tries remaining): [6] Could not resolve hostname (Could not resolve host: index.crates.io)
warning: spurious network error (2 tries remaining): [6] Could not resolve hostname (Could not resolve host: index.crates.io)
warning: spurious network error (2 tries remaining): [6] Could not resolve hostname (Could not resolve host: index.crates.io)
warning: spurious network error (2 tries remaining): [6] Could not resolve hostname (Could not resolve host: index.crates.io)
warning: spurious network error (2 tries remaining): [6] Could not resolve hostname (Could not resolve host: index.crates.io)
warning: spurious network error (2 tries remaining): [6] Could not resolve hostname (Could not resolve host: index.crates.io)
warning: spurious network error (2 tries remaining): [6] Could not resolve hostname (Could not resolve host: index.crates.io)
warning: spurious network error (2 tries remaining): [6] Could not resolve hostname (Could not resolve host: index.crates.io)
warning: spurious network error (2 tries remaining): [6] Could not resolve hostname (Could not resolve host: index.crates.io)
warning: spurious network error (2 tries remaining): [6] Could not resolve hostname (Could not resolve host: index.crates.io)
warning: spurious network error (2 tries remaining): [6] Could not resolve hostname (Could not resolve host: index.crates.io)
warning: spurious network error (2 tries remaining): [6] Could not resolve hostname (Could not resolve host: index.crates.io)
warning: spurious network error (2 tries remaining): [6] Could not resolve hostname (Could not resolve host: index.crates.io)
warning: spurious network error (2 tries remaining): [6] Could not resolve hostname (Could not resolve host: index.crates.io)
warning: spurious network error (2 tries remaining): [6] Could not resolve hostname (Could not resolve host: index.crates.io)
warning: spurious network error (2 tries remaining): [6] Could not resolve hostname (Could not resolve host: index.crates.io)
warning: spurious network error (2 tries remaining): [6] Could not resolve hostname (Could not resolve host: index.crates.io)
warning: spurious network error (1 try remaining): [6] Could not resolve hostname (Could not resolve host: index.crates.io)
warning: spurious network error (1 try remaining): [6] Could not resolve hostname (Could not resolve host: index.crates.io)
warning: spurious network error (1 try remaining): [6] Could not resolve hostname (Could not resolve host: index.crates.io)
warning: spurious network error (1 try remaining): [6] Could not resolve hostname (Could not resolve host: index.crates.io)
warning: spurious network error (1 try remaining): [6] Could not resolve hostname (Could not resolve host: index.crates.io)
warning: spurious network error (1 try remaining): [6] Could not resolve hostname (Could not resolve host: index.crates.io)
warning: spurious network error (1 try remaining): [6] Could not resolve hostname (Could not resolve host: index.crates.io)
warning: spurious network error (1 try remaining): [6] Could not resolve hostname (Could not resolve host: index.crates.io)
warning: spurious network error (1 try remaining): [6] Could not resolve hostname (Could not resolve host: index.crates.io)
warning: spurious network error (1 try remaining): [6] Could not resolve hostname (Could not resolve host: index.crates.io)
warning: spurious network error (1 try remaining): [6] Could not resolve hostname (Could not resolve host: index.crates.io)
warning: spurious network error (1 try remaining): [6] Could not resolve hostname (Could not resolve host: index.crates.io)
warning: spurious network error (1 try remaining): [6] Could not resolve hostname (Could not resolve host: index.crates.io)
warning: spurious network error (1 try remaining): [6] Could not resolve hostname (Could not resolve host: index.crates.io)
warning: spurious network error (1 try remaining): [6] Could not resolve hostname (Could not resolve host: index.crates.io)
warning: spurious network error (1 try remaining): [6] Could not resolve hostname (Could not resolve host: index.crates.io)
warning: spurious network error (1 try remaining): [6] Could not resolve hostname (Could not resolve host: index.crates.io)
warning: spurious network error (1 try remaining): [6] Could not resolve hostname (Could not resolve host: index.crates.io)
error: failed to get `async-trait` as a dependency of package `push-auth-http-audit-baseline v0.0.0 (/home/radud/Desktop/Code/Rust/sockudo/audits/performance-2026-09-05/implementation/push-auth-http-bench-baseline)`

Caused by:
  failed to load source for dependency `async-trait`

Caused by:
  unable to update registry `crates-io`

Caused by:
  download of config.json failed

Caused by:
  [6] Could not resolve hostname (Could not resolve host: index.crates.io)
