   Compiling proc-macro2 v1.0.107
   Compiling unicode-ident v1.0.24
   Compiling quote v1.0.47
   Compiling libc v0.2.189
   Compiling cfg-if v1.0.4
   Compiling stable_deref_trait v1.2.1
   Compiling zerocopy v0.8.55
   Compiling serde_core v1.0.229
   Compiling shlex v2.0.1
   Compiling find-msvc-tools v0.1.9
   Compiling serde v1.0.229
   Compiling crossbeam-utils v0.8.22
   Compiling smallvec v1.15.2
   Compiling writeable v0.6.3
   Compiling litemap v0.8.2
   Compiling getrandom v0.3.4
   Compiling typenum v1.20.1
   Compiling icu_normalizer_data v2.2.0
   Compiling utf8_iter v1.0.4
   Compiling once_cell v1.21.4
   Compiling zmij v1.0.23
   Compiling icu_properties_data v2.2.0
   Compiling fs_extra v1.3.0
   Compiling crossbeam-epoch v0.9.20
   Compiling parking_lot_core v0.9.12
   Compiling dunce v1.0.5
   Compiling pkg-config v0.3.33
   Compiling scopeguard v1.2.0
   Compiling itoa v1.0.18
   Compiling autocfg v1.5.1
   Compiling crossbeam-deque v0.8.7
   Compiling rustversion v1.0.23
   Compiling version_check v0.9.5
   Compiling cmov v0.5.4
   Compiling bytes v1.12.1
   Compiling thiserror v2.0.19
   Compiling lock_api v0.4.14
   Compiling pin-project-lite v0.2.17
   Compiling serde_json v1.0.151
   Compiling rayon-core v1.13.0
   Compiling ref-cast v1.0.26
   Compiling either v1.16.0
   Compiling const-oid v0.10.2
   Compiling simdutf8 v0.1.5
   Compiling tracing-core v0.1.36
   Compiling anstyle v1.0.14
   Compiling aws-lc-rs v1.17.3
   Compiling ctutils v0.4.2
   Compiling ciborium-io v0.2.2
   Compiling clap_lex v1.1.0
   Compiling plotters-backend v0.3.7
   Compiling percent-encoding v2.3.2
   Compiling memchr v2.8.3
   Compiling regex-syntax v0.8.11
   Compiling sonic-number v0.1.2
   Compiling ahash v0.8.12
   Compiling sonic-simd v0.1.4
   Compiling futures-task v0.3.33
   Compiling hashbrown v0.14.5
   Compiling zeroize v1.9.0
   Compiling same-file v1.0.6
   Compiling num-traits v0.2.19
   Compiling form_urlencoded v1.2.2
   Compiling itertools v0.13.0
   Compiling slab v0.4.12
   Compiling untrusted v0.7.1
   Compiling futures-core v0.3.33
   Compiling cast v0.3.0
   Compiling clap_builder v4.6.2
   Compiling cpufeatures v0.3.0
   Compiling bumpalo v3.20.3
   Compiling plotters-svg v0.3.7
   Compiling walkdir v2.5.0
   Compiling anes v0.1.6
   Compiling untrusted v0.9.0
   Compiling hex v0.4.3
   Compiling oorandom v11.1.5
   Compiling httpdate v1.0.3
   Compiling base64 v0.22.1
   Compiling rapidhash v4.5.1
   Compiling syn v2.0.119
   Compiling syn v3.0.3
   Compiling metrics v0.24.6
   Compiling hybrid-array v0.4.13
   Compiling plotters v0.3.7
   Compiling jobserver v0.1.35
   Compiling errno v0.3.14
   Compiling mio v1.2.2
   Compiling socket2 v0.6.5
   Compiling getrandom v0.2.17
   Compiling crypto-common v0.2.2
   Compiling block-buffer v0.12.1
   Compiling cc v1.3.0
   Compiling signal-hook-registry v1.4.8
   Compiling rayon v1.12.0
   Compiling rand_core v0.9.5
   Compiling parking_lot v0.12.5
   Compiling dashmap v6.2.1
   Compiling regex-automata v0.4.16
   Compiling criterion-plot v0.6.0
   Compiling digest v0.11.3
   Compiling sha2 v0.11.0
   Compiling hmac v0.13.0
   Compiling cmake v0.1.58
   Compiling clap v4.6.4
   Compiling ring v0.17.14
   Compiling aws-lc-sys v0.43.0
   Compiling regex v1.13.1
   Compiling serde_derive v1.0.229
   Compiling ref-cast-impl v1.0.26
   Compiling thiserror-impl v2.0.19
   Compiling async-trait v0.1.91
   Compiling synstructure v0.13.2
   Compiling zerofrom-derive v0.1.7
   Compiling yoke-derive v0.8.2
   Compiling zerovec-derive v0.11.3
   Compiling zerocopy-derive v0.8.55
   Compiling displaydoc v0.2.6
   Compiling tracing-attributes v0.1.31
   Compiling tokio-macros v2.7.1
   Compiling futures-macro v0.3.33
   Compiling futures-util v0.3.33
   Compiling zerofrom v0.1.8
   Compiling yoke v0.8.3
   Compiling zerotrie v0.2.4
   Compiling zerovec v0.11.6
   Compiling tracing v0.1.44
   Compiling tokio v1.53.1
   Compiling tinystr v0.8.3
   Compiling potential_utf v0.1.5
   Compiling icu_collections v2.2.0
   Compiling icu_locale_core v2.2.0
   Compiling faststr v0.2.34
   Compiling tinytemplate v1.2.1
   Compiling icu_provider v2.2.0
   Compiling icu_normalizer v2.2.0
   Compiling icu_properties v2.2.0
   Compiling idna_adapter v1.2.2
   Compiling idna v1.1.0
   Compiling url v2.5.8
   Compiling half v2.7.1
   Compiling ppv-lite86 v0.2.21
   Compiling sonic-rs v0.5.8
   Compiling ciborium-ll v0.2.2
   Compiling rand_chacha v0.9.0
   Compiling ciborium v0.2.2
   Compiling rand v0.9.5
   Compiling criterion v0.7.0
   Compiling sockudo-push v5.0.1 (/home/radud/Desktop/Code/Rust/sockudo/audits/performance-2026-09-05/implementation/variants/p4-baseline/crates/sockudo-push)
    Finished `release` profile [optimized] target(s) in 32.69s
