   Compiling push-extra-audit-baseline v0.0.0 (/home/radud/Desktop/Code/Rust/sockudo/audits/performance-2026-09-05/implementation/push-extra-bench-baseline)
warning: function `sample_intent` is never used
  --> src/main.rs:18:4
   |
18 | fn sample_intent(publish_id: String, targets: Vec<PublishTarget>) -> PublishIntent {
   |    ^^^^^^^^^^^^^
   |
   = note: `#[warn(dead_code)]` (part of `#[warn(unused)]`) on by default

warning: function `sample_device` is never used
  --> src/main.rs:29:4
   |
29 | fn sample_device(device_id: &str) -> DeviceDetails {
   |    ^^^^^^^^^^^^^

warning: `push-extra-audit-baseline` (bin "push-extra-audit-baseline") generated 2 warnings
    Finished `release` profile [optimized] target(s) in 0.85s
     Locking 174 packages to latest Rust 1.98.1 compatible versions
   Compiling sockudo-push v5.0.1 (/home/radud/Desktop/Code/Rust/sockudo/audits/performance-2026-09-05/implementation/variants/p7/crates/sockudo-push)
   Compiling push-extra-audit-p7 v0.0.0 (/home/radud/Desktop/Code/Rust/sockudo/audits/performance-2026-09-05/implementation/push-extra-bench-p7)
warning: function `sample_intent` is never used
  --> src/main.rs:18:4
   |
18 | fn sample_intent(publish_id: String, targets: Vec<PublishTarget>) -> PublishIntent {
   |    ^^^^^^^^^^^^^
   |
   = note: `#[warn(dead_code)]` (part of `#[warn(unused)]`) on by default

warning: function `sample_device` is never used
  --> src/main.rs:29:4
   |
29 | fn sample_device(device_id: &str) -> DeviceDetails {
   |    ^^^^^^^^^^^^^

warning: `push-extra-audit-p7` (bin "push-extra-audit-p7") generated 2 warnings
    Finished `release` profile [optimized] target(s) in 5.79s
     Locking 174 packages to latest Rust 1.98.1 compatible versions
   Compiling sockudo-push v5.0.1 (/home/radud/Desktop/Code/Rust/sockudo/audits/performance-2026-09-05/implementation/variants/p8/crates/sockudo-push)
   Compiling push-extra-audit-p8 v0.0.0 (/home/radud/Desktop/Code/Rust/sockudo/audits/performance-2026-09-05/implementation/push-extra-bench-p8)
warning: function `sample_intent` is never used
  --> src/main.rs:18:4
   |
18 | fn sample_intent(publish_id: String, targets: Vec<PublishTarget>) -> PublishIntent {
   |    ^^^^^^^^^^^^^
   |
   = note: `#[warn(dead_code)]` (part of `#[warn(unused)]`) on by default

warning: function `sample_device` is never used
  --> src/main.rs:29:4
   |
29 | fn sample_device(device_id: &str) -> DeviceDetails {
   |    ^^^^^^^^^^^^^

warning: `push-extra-audit-p8` (bin "push-extra-audit-p8") generated 2 warnings
    Finished `release` profile [optimized] target(s) in 5.33s
