    Blocking waiting for file lock on build directory
    Checking ndarray-stats v0.7.0
    Checking criterion v0.7.0
    Checking surrealdb-core v3.2.3
    Checking surrealdb v3.2.3
    Checking sockudo-push v5.0.1 (/home/radud/Desktop/Code/Rust/sockudo/crates/sockudo-push)
error: this `if` statement can be collapsed
   --> crates/sockudo-push/src/dispatch/worker.rs:129:9
    |
129 | /         if let Some(store) = &self.store {
130 | |             if store.is_publish_retired(&batch.app_id, &batch.publish_id).await? {
131 | |                 self.queue.ack(ack).await?;
132 | |                 return Ok(());
133 | |             }
134 | |         }
    | |_________^
    |
    = help: for further information visit https://rust-lang.github.io/rust-clippy/rust-1.98.0/index.html#collapsible_if
    = note: `-D clippy::collapsible-if` implied by `-D warnings`
    = help: to override `-D warnings` add `#[allow(clippy::collapsible_if)]`
help: collapse nested if block
    |
129 ~         if let Some(store) = &self.store
130 ~             && store.is_publish_retired(&batch.app_id, &batch.publish_id).await? {
131 |                 self.queue.ack(ack).await?;
132 |                 return Ok(());
133 ~             }
    |

error: this `if` statement can be collapsed
  --> crates/sockudo-push/src/nosql/devices.rs:41:5
   |
41 | /     if raw.contains("\"feedbackRetiredDevice\"") {
42 | |         if let Ok(retired) = from_json_str::<RetiredFeedbackDevice>(raw) {
43 | |             return Ok((
44 | |                 FeedbackDevice {
...  |
51 | |     }
   | |_____^
   |
   = help: for further information visit https://rust-lang.github.io/rust-clippy/rust-1.98.0/index.html#collapsible_if
help: collapse nested if block
   |
41 ~     if raw.contains("\"feedbackRetiredDevice\"")
42 ~         && let Ok(retired) = from_json_str::<RetiredFeedbackDevice>(raw) {
43 |             return Ok((
...
49 |             ));
50 ~         }
   |

error: this `if` statement can be collapsed
   --> crates/sockudo-push/src/nosql/devices.rs:459:13
    |
459 | /             if let Some(device) = self.get_device(app_id, &device_id).await? {
460 | |                 if day_bucket_for_ms(device.last_active_at_ms) == day_bucket {
461 | |                     rows.push((position, device));
462 | |                 }
463 | |             }
    | |_____________^
    |
    = help: for further information visit https://rust-lang.github.io/rust-clippy/rust-1.98.0/index.html#collapsible_if
help: collapse nested if block
    |
459 ~             if let Some(device) = self.get_device(app_id, &device_id).await?
460 ~                 && day_bucket_for_ms(device.last_active_at_ms) == day_bucket {
461 |                     rows.push((position, device));
462 ~                 }
    |

error: this `if` statement can be collapsed
   --> crates/sockudo-push/src/nosql/lifecycle.rs:129:13
    |
129 | /             if no_shards && no_logs && retired.keep_until_ms <= request.now_ms {
130 | |                 if store
131 | |                     .backend
132 | |                     .compare_and_delete(FAMILY_STATUS, app_id, &publish_id, DEFAULT_SK, &raw)
...   |
154 | |             }
    | |_____________^
    |
    = help: for further information visit https://rust-lang.github.io/rust-clippy/rust-1.98.0/index.html#collapsible_if
help: collapse nested if block
    |
129 ~             if no_shards && no_logs && retired.keep_until_ms <= request.now_ms
130 ~                 && store
131 |                     .backend
...
152 |                         .await?;
153 ~                 }
    |

error: could not compile `sockudo-push` (lib) due to 4 previous errors
warning: build failed, waiting for other jobs to finish...
error: could not compile `sockudo-push` (lib test) due to 4 previous errors
